                                                          ┌────────────────────────────────────────┐
                                                          │                   _                    │
                                                          └────────────────────────────────────────┘
                                                            │
                                                            │ Entry main
                                                            ▼
      InlineReturn                                        ┌────────────────────────────────────────┐  Inlined Proc '__VERIFIER_assert(a == b)'
  ┌─────────────────────────────────────────────────────▶ │                   _                    │ ◀·················································┐
  │                                                       └────────────────────────────────────────┘                                                   :
  │                                                         │                                                                                          :
  │                                                         │ Test (1,true)                                                                            :
  │                                                         ▼                                                                                          :
  │                                                       ┌────────────────────────────────────────┐                                                   :
  │                                                       │                   _                    │ ·┐                                                :
  │                                                       └────────────────────────────────────────┘  :                                                :
  │                                                         │                                         :                                                :
  │                                                         │ InlineEntry '()'                        :                                                :
  │                                                         ▼                                         :                                                :
  │                                                       ┌────────────────────────────────────────┐  :                                                :
  │                                                       │                   _                    │  :                                                :
  │                                                       └────────────────────────────────────────┘  :                                                :
  │                                                         │                                         :                                                :
  │                                                         │ Entry __VERIFIER_nondet_int             :                                                :
  │                                                         ▼                                         :                                                :
  │                                                       ┌────────────────────────────────────────┐  :                                                :
  │                                                       │                   _                    │  : Inlined Proc 'tmp = __VERIFIER_nondet_int()'   :
  │                                                       └────────────────────────────────────────┘  :                                                :
  │                                                         │                                         :                                                :
  │                                                         │ Ret (Some val, __VERIFIER_nondet_int)   :                                                :
  │                                                         ▼                                         :                                                :
  │                                                       ┌────────────────────────────────────────┐  :                                                :
  │                                                       │                   _                    │  :                                                :
  │                                                       └────────────────────────────────────────┘  :                                                :
  │                                                         │                                         :                                                :
  │                                                         │ InlineReturn 'tmp'                      :                                                :
  │                                                         ▼                                         :                                                :
  │                                                       ┌────────────────────────────────────────┐  :                                                :
  │                                                       │                   _                    │ ◀┘                                                :
  │                                                       └────────────────────────────────────────┘                                                   :
  │                                                         │                                                                                          :
  │                                                         │ Assign 'x = tmp'                                                                         :
  │                                                         ▼                                                                                          :
  │                                                       ┌────────────────────────────────────────┐                                                   :
  │                                                       │                   _                    │                                                   :
  │                                                       └────────────────────────────────────────┘                                                   :
  │                                                         │                                                                                          :
  │                                                         │ Assign 'y = x'                                                                           :
  │                                                         ▼                                                                                          :
  │                                                       ┌────────────────────────────────────────┐                                                   :
  │                                                       │                   _                    │ ·┐                                                :
  │                                                       └────────────────────────────────────────┘  :                                                :
  │                                                         │                                         :                                                :
  │                                                         │ InlineEntry '(x == y)'                  :                                                :
  │                                                         ▼                                         :                                                :
  │                                                       ┌────────────────────────────────────────┐  :                                                :
  │                                                       │                   _                    │  :                                                :
  │                                                       └────────────────────────────────────────┘  :                                                :
  │                                                         │                                         :                                                :
  │                                                         │ Entry __VERIFIER_assert                 :                                                :
  │                                                         ▼                                         :                                                :
  │                                                       ┌────────────────────────────────────────┐  :                                                :
  │                                                       │                   _                    │  :                                                :
  │                                                       └────────────────────────────────────────┘  :                                                :
  │                                                         │                                         :                                                :
  │                                                         │ Test (! cond,false)                     : Inlined Proc '__VERIFIER_assert(x == y)'       :
  │                                                         ▼                                         :                                                :
  │                                                       ┌────────────────────────────────────────┐  :                                                :
  │                                                       │                   _                    │  :                                                :
  │                                                       └────────────────────────────────────────┘  :                                                :
  │                                                         │                                         :                                                :
  │                                                         │ Ret (None, __VERIFIER_assert)           :                                                :
  │                                                         ▼                                         :                                                :
  │                                                       ┌────────────────────────────────────────┐  :                                                :
  │                                                       │                   _                    │  :                                                :
  │                                                       └────────────────────────────────────────┘  :                                                :
  │                                                         │                                         :                                                :
  │                                                         │ InlineReturn                            :                                                :
  │                                                         ▼                                         :                                                :
  │                                                       ┌────────────────────────────────────────┐  :                                                :
  │    ┌················································· │                   _                    │ ◀┘                                                :
  │    :                                                  └────────────────────────────────────────┘                                                   :
  │    :                                                    │                                                                                          :
  │    :                                                    │ InlineEntry '()'                        ┌················································┘
  │    :                                                    ▼                                         :
  │    :                                                  ┌────────────────────────────────────────┐  :
  │    :                                                  │                   _                    │  :
  │    :                                                  └────────────────────────────────────────┘  :
  │    :                                                    │                                         :
  │    :                                                    │ Entry __VERIFIER_nondet_int             :
  │    :                                                    ▼                                         :
  │    :                                                  ┌────────────────────────────────────────┐  :
  │    : Inlined Proc 'tmp___0 = __VERIFIER_nondet_int()' │                   _                    │  :
  │    :                                                  └────────────────────────────────────────┘  :
  │    :                                                    │                                         :
  │    :                                                    │ Ret (Some val, __VERIFIER_nondet_int)   :
  │    :                                                    ▼                                         :
  │    :                                                  ┌────────────────────────────────────────┐  :
  │    :                                                  │                   _                    │  :
  │    :                                                  └────────────────────────────────────────┘  :
  │    :                                                    │                                         :
  │    :                                                    │ InlineReturn 'tmp___0'                  :
  │    :                                                    ▼                                         :
  │    :                                                  ┌────────────────────────────────────────┐  :
  │    └················································▶ │                   _                    │  :
  │                                                       └────────────────────────────────────────┘  :
  │                                                         │                                         :
  └────┐                                                    │ Assign 'a = tmp___0'                    :
       │                                                    ▼                                         :
       │                                                  ┌────────────────────────────────────────┐  :
       │                                                  │                   _                    │  :
       │                                                  └────────────────────────────────────────┘  :
       │                                                    │                                         :
       │                                                    │ Assign 'b = a'                          :
       │                                                    ▼                                         :
       │                                                  ┌────────────────────────────────────────┐  :
       │                                                  │                   _                    │ ·┘
       │                                                  └────────────────────────────────────────┘
       │                                                    │
       │                                                    │ InlineEntry '(a == b)'
       │                                                    ▼
       │                                                  ┌────────────────────────────────────────┐
       │                                                  │                   _                    │
       │                                                  └────────────────────────────────────────┘
       │                                                    │
       │                                                    │ Entry __VERIFIER_assert
       │                                                    ▼
       │                                                  ┌────────────────────────────────────────┐
       │                                                  │                   _                    │
       │                                                  └────────────────────────────────────────┘
       │                                                    │
       │                                                    │ Test (! cond,false)
       │                                                    ▼
       │                                                  ┌────────────────────────────────────────┐
       │                                                  │                   _                    │
       │                                                  └────────────────────────────────────────┘
       │                                                    │
       │                                                    │ Ret (None, __VERIFIER_assert)
       │                                                    ▼
       │                                                  ┌────────────────────────────────────────┐
       └───────────────────────────────────────────────── │                   _                    │
                                                          └────────────────────────────────────────┘
