
  ┌──────────────────────────────────────────────────────────────────────────────────────────────────────────────────────────────────────────────────────┐
  │                                                                                                                                                      │
  │                                                       ┌─────────────────────────────────────────┐                                                    │
  │                                                       │                    _                    │                                                    │
  │                                                       └─────────────────────────────────────────┘                                                    │
  │                                                         │                                                                                            │
  │                                                         │ Entry main                                                                                 │
  │                                                         ▼                                                                                            │
  │                                                       ┌─────────────────────────────────────────┐                                                    │
  │                                                       │                    _                    │ ·┐                                                 │
  │                                                       └─────────────────────────────────────────┘  :                                                 │
  │                                                         │                                          :                                                 │
  │                                                         │ InlineEntry '()'                         :                                                 │
  │                                                         ▼                                          :                                                 │
  │                                                       ┌─────────────────────────────────────────┐  :                                                 │
  │                                                       │                    _                    │  :                                                 │
  │                                                       └─────────────────────────────────────────┘  :                                                 │
  │                                                         │                                          :                                                 │
  │                                                         │ Entry __VERIFIER_nondet_uint             :                                                 │
  │                                                         ▼                                          :                                                 │
  │                                                       ┌─────────────────────────────────────────┐  :                                                 │
  │                                                       │                    _                    │  : Inlined Proc 'tmp = __VERIFIER_nondet_uint()'   │
  │                                                       └─────────────────────────────────────────┘  :                                                 │
  │                                                         │                                          :                                                 │
  │                                                         │ Ret (Some val, __VERIFIER_nondet_uint)   :                                                 │
  │                                                         ▼                                          :                                                 │
  │                                                       ┌─────────────────────────────────────────┐  :                                                 │
  │                                                       │                    _                    │  :                                                 │
  │                                                       └─────────────────────────────────────────┘  :                                                 │
  │                                                         │                                          :                                                 │
  │                                                         │ InlineReturn 'tmp'                       :                                                 │
  │                                                         ▼                                          :                                                 │
  │                                                       ┌─────────────────────────────────────────┐  :                                                 │
  │                                                       │                    _                    │ ◀┘                                                 │
  │                                                       └─────────────────────────────────────────┘                                                    │
  │                                                         │                                                                                            │
  │                                                         │ Assign 'x = tmp'                                                                           │
  │                                                         ▼                                                                                            │
  │                                                       ┌─────────────────────────────────────────┐                                                    │
  │                                                       │                    _                    │                                                    │
  │                                                       └─────────────────────────────────────────┘                                                    │
  │                                                         │                                                                                            │
  │                                                         │ Assign 'y = x'                                                                             │
  │                                                         ▼                                                                                            │
  │  ┌─────────────────────────┐  Test (x < 1024U,true)   ┌─────────────────────────────────────────┐  Assign 'y = y + 1U'                               │
  │  │            _            │ ◀─────────────────────── │                    _                    │ ◀──────────────────────────────────────────────────┘
  │  └─────────────────────────┘                          └─────────────────────────────────────────┘
  │    │                                                    │
  │    │ Assign 'x = x + 1U'                                │ Test (x < 1024U,false)
  │    ▼                                                    ▼
  │  ┌─────────────────────────┐                          ┌─────────────────────────────────────────┐
  └─ │            _            │                          │                    _                    │ ·┐
     └─────────────────────────┘                          └─────────────────────────────────────────┘  :
                                                            │                                          :
                                                            │ InlineEntry '(x < y)'                    :
                                                            ▼                                          :
                                                          ┌─────────────────────────────────────────┐  :
                                                          │                    _                    │  :
                                                          └─────────────────────────────────────────┘  :
                                                            │                                          :
                                                            │ Entry __VERIFIER_assert                  :
                                                            ▼                                          :
     ┌─────────────────────────┐  Test (! cond,true)      ┌─────────────────────────────────────────┐  :
     │            _            │ ◀─────────────────────── │                    _                    │  :
     └─────────────────────────┘                          └─────────────────────────────────────────┘  :
       │                                                    │                                          :
       │ InlineEntry '()'                                   │ Test (! cond,false)                      : Inlined Proc '__VERIFIER_assert(x < y)'
       ▼                                                    ▼                                          :
     ┌─────────────────────────┐                          ┌─────────────────────────────────────────┐  :
     │            _            │                          │                    _                    │  :
     └─────────────────────────┘                          └─────────────────────────────────────────┘  :
       │                                                    │                                          :
       │ Entry __VERIFIER_error                             │ Ret (None, __VERIFIER_assert)            :
       ▼                                                    ▼                                          :
     ┌─────────────────────────┐                          ┌─────────────────────────────────────────┐  :
     │            _            │                          │                    _                    │  :
     └─────────────────────────┘                          └─────────────────────────────────────────┘  :
                                                            │                                          :
                                                            │ InlineReturn                             :
                                                            ▼                                          :
                                                          ┌─────────────────────────────────────────┐  :
                                                          │                    _                    │ ◀┘
                                                          └─────────────────────────────────────────┘
                                                            │
                                                            │ Ret (Some 0, main)
                                                            ▼
                                                          ┌─────────────────────────────────────────┐
                                                          │                    _                    │
                                                          └─────────────────────────────────────────┘
