┌───────────────────────────────────────────────┐
│                       _                       │
└───────────────────────────────────────────────┘
  │
  │ Entry main
  ▼
┌───────────────────────────────────────────────┐
│                       _                       │
└───────────────────────────────────────────────┘
  │
  │ Assign 'x = 0'
  ▼
┌───────────────────────────────────────────────┐
│                       _                       │
└───────────────────────────────────────────────┘
  │
  │ Proc '__builtin_expect((long )(x == 0), 1L)'
  ▼
┌───────────────────────────────────────────────┐
│                       _                       │
└───────────────────────────────────────────────┘
  │
  │ Ret (Some 0, main)
  ▼
┌───────────────────────────────────────────────┐
│                       _                       │
└───────────────────────────────────────────────┘
