                                                    ┌────────────────────────────────────────────┐
                                                    │                     _                      │
                                                    └────────────────────────────────────────────┘
                                                      │
                                                      │ Entry main
                                                      ▼
                                                    ┌────────────────────────────────────────────┐
                                                    │                     _                      │
                                                    └────────────────────────────────────────────┘
                                                      │
                                                      │ Assign 'p = (void *)0'
                                                      ▼
                                                    ┌────────────────────────────────────────────┐
                                                    │                     _                      │ ·┐
                                                    └────────────────────────────────────────────┘  :
                                                      │                                             :
                                                      │ InlineEntry '()'                            :
                                                      ▼                                             :
                                                    ┌────────────────────────────────────────────┐  :
                                                    │                     _                      │  :
                                                    └────────────────────────────────────────────┘  :
                                                      │                                             :
                                                      │ Entry __VERIFIER_nondet_int                 :
                                                      ▼                                             :
                                                    ┌────────────────────────────────────────────┐  :
                                                    │                     _                      │  : Inlined Proc 'tmp = __VERIFIER_nondet_int()'
                                                    └────────────────────────────────────────────┘  :
                                                      │                                             :
                                                      │ Ret (Some val, __VERIFIER_nondet_int)       :
                                                      ▼                                             :
                                                    ┌────────────────────────────────────────────┐  :
                                                    │                     _                      │  :
                                                    └────────────────────────────────────────────┘  :
                                                      │                                             :
                                                      │ InlineReturn 'tmp'                          :
                                                      ▼                                             :
                                                    ┌────────────────────────────────────────────┐  :
                                                    │                     _                      │ ◀┘
                                                    └────────────────────────────────────────────┘
                                                      │
                                                      │ Assign 'x = tmp '
                                                      ▼
┌───┐  Test (x == 0 || (x == 1 || x == -1),false)   ┌────────────────────────────────────────────┐
│ _ │ ◀──────────────────────────────────────────── │                     _                      │
└───┘                                               └────────────────────────────────────────────┘
  │                                                   │
  │                                                   │ Test (x == 0 || (x == 1 || x == -1),true)
  │                                                   ▼
  │                                                 ┌────────────────────────────────────────────┐
  │                                                 │                     _                      │
  │                                                 └────────────────────────────────────────────┘
  │                                                   │
  │                                                   │ Proc 'tmp___0 = malloc(1)'
  │                                                   ▼
  │                                                 ┌────────────────────────────────────────────┐
  │                                                 │                     _                      │
  │                                                 └────────────────────────────────────────────┘
  │                                                   │
  │                                                   │ Assign 'p = (void *)tmp___0'
  │                                                   ▼
  │   Assign 'p = (void *)(& foo)'                  ┌────────────────────────────────────────────┐
  └───────────────────────────────────────────────▶ │                     _                      │
                                                    └────────────────────────────────────────────┘
                                                      │
                                                      │ Proc 'free(p)'
                                                      ▼
                                                    ┌────────────────────────────────────────────┐
                                                    │                     _                      │
                                                    └────────────────────────────────────────────┘
                                                      │
                                                      │ Ret (Some 0, main)
                                                      ▼
                                                    ┌────────────────────────────────────────────┐
                                                    │                     _                      │
                                                    └────────────────────────────────────────────┘
