┌───────────────────────────────────┐
│                 _                 │
└───────────────────────────────────┘
  │
  │ Entry main
  ▼
┌───────────────────────────────────┐
│                 _                 │
└───────────────────────────────────┘
  │
  │ Assign 'p = (void (*)())(& foo)'
  ▼
┌───────────────────────────────────┐
│                 _                 │
└───────────────────────────────────┘
  │
  │ Proc 'free(p)'
  ▼
┌───────────────────────────────────┐
│                 _                 │
└───────────────────────────────────┘
  │
  │ Ret (Some 0, main)
  ▼
┌───────────────────────────────────┐
│                 _                 │
└───────────────────────────────────┘
