                                                         ┌────────────────────────────────────────┐
                                                         │                   _                    │
                                                         └────────────────────────────────────────┘
                                                           │
                                                           │ Entry main
                                                           ▼
                                                         ┌────────────────────────────────────────┐
                                                         │                   _                    │ ·┐
                                                         └────────────────────────────────────────┘  :
                                                           │                                         :
                                                           │ InlineEntry '()'                        :
                                                           ▼                                         :
                                                         ┌────────────────────────────────────────┐  :
                                                         │                   _                    │  :
                                                         └────────────────────────────────────────┘  :
                                                           │                                         :
                                                           │ Entry __VERIFIER_nondet_int             :
                                                           ▼                                         :
                                                         ┌────────────────────────────────────────┐  :
                                                         │                   _                    │  : Inlined Proc 'tmp = __VERIFIER_nondet_int()'
                                                         └────────────────────────────────────────┘  :
                                                           │                                         :
                                                           │ Ret (Some val, __VERIFIER_nondet_int)   :
                                                           ▼                                         :
                                                         ┌────────────────────────────────────────┐  :
                                                         │                   _                    │  :
                                                         └────────────────────────────────────────┘  :
                                                           │                                         :
                                                           │ InlineReturn 'tmp'                      :
                                                           ▼                                         :
                                                         ┌────────────────────────────────────────┐  :
                                                         │                   _                    │ ◀┘
                                                         └────────────────────────────────────────┘
                                                           │
                                                           │ Assign 'n = tmp'
                                                           ▼
                                                         ┌────────────────────────────────────────┐
                                                         │                   _                    │ ·┐
                                                         └────────────────────────────────────────┘  :
                                                           │                                         :
                                                           │ InlineEntry '(n)'                       :
                                                           ▼                                         :
                                                         ┌────────────────────────────────────────┐  :
                                                         │                   _                    │  :
                                                         └────────────────────────────────────────┘  :
                                                           │                                         :
                                                           │ Entry sum                               :
                                                           ▼                                         :
                                                         ┌────────────────────────────────────────┐  :
                                                         │                   _                    │  :
                                                         └────────────────────────────────────────┘  :
                                                           │                                         :
                                                           │ Assign 'sum___0 = 0'                    :
                                                           ▼                                         :
                                                         ┌────────────────────────────────────────┐  :
                                                         │                   _                    │  :
                                                         └────────────────────────────────────────┘  :
                                                           │                                         :
                                                           │ Assign 'i = 0'                          :
                                                           ▼                                         :
┌─────────────────────────────────┐  Test (i < n,true)   ┌────────────────────────────────────────┐  :
│                _                │ ◀─────────────────── │                   _                    │ ◀┼────────────────────────────────────────────────┐
└─────────────────────────────────┘                      └────────────────────────────────────────┘  :                                                │
  │                                                        │                                         :                                                │
  │ Assign 'sum___0 = sum___0 + i'                         │ Test (i < n,false)                      :                                                │
  ▼                                                        ▼                                         :                                                │
┌─────────────────────────────────┐                      ┌────────────────────────────────────────┐  :                                                │
│                _                │ ─┐                   │                   _                    │  :                                                │
└─────────────────────────────────┘  │                   └────────────────────────────────────────┘  :                                                │
                                     │                     │                                         :                                                │
                                     │                     │ Ret (Some sum___0, sum)                 : Inlined Proc 'tmp___0 = sum(n)'                │
                                     │                     ▼                                         :                                                │
                                     │                   ┌────────────────────────────────────────┐  :                                                │
                                     │                   │                   _                    │  :                                                │
                                     │                   └────────────────────────────────────────┘  :                                                │
                                     │                     │                                         :                                                │
                                     │                     │ InlineReturn 'tmp___0'                  :                                                │
                                     │                     ▼                                         :                                                │
                                     │                   ┌────────────────────────────────────────┐  :                                                │
                                     │                   │                   _                    │ ◀┘                                                │
                                     │                   └────────────────────────────────────────┘                                                   │
                                     │                     │                                                                                          │
                                     │                     │ Assign 's = tmp___0'                                                                     │
                                     │                     ▼                                                                                          │
                                     │                   ┌────────────────────────────────────────┐                                                   │
                                     │                   │                   _                    │ ·┐                                                │
                                     │                   └────────────────────────────────────────┘  :                                                │
                                     │                     │                                         :                                                │
                                     │                     │ InlineEntry '(s >= 0)'                  :                                                │
                                     │                     ▼                                         :                                                │
                                     │                   ┌────────────────────────────────────────┐  :                                                │
                                     │                   │                   _                    │  :                                                │
                                     │                   └────────────────────────────────────────┘  :                                                │
                                     │                     │                                         :                                                │ Assign 'i = i + 1'
                                     │                     │ Entry __VERIFIER_assert                 :                                                │
                                     │                     ▼                                         :                                                │
                                     │                   ┌────────────────────────────────────────┐  :                                                │
                                     │                   │                   _                    │  :                                                │
                                     │                   └────────────────────────────────────────┘  :                                                │
                                     │                     │                                         :                                                │
                                     │                     │ Test (! cond,false)                     : Inlined Proc '__VERIFIER_assert(s >= 0)'       │
                                     │                     ▼                                         :                                                │
                                     │                   ┌────────────────────────────────────────┐  :                                                │
                                     │                   │                   _                    │  :                                                │
                                     │                   └────────────────────────────────────────┘  :                                                │
                                     │                     │                                         :                                                │
                                     │                     │ Ret (None, __VERIFIER_assert)           :                                                │
                                     │                     ▼                                         :                                                │
                                     │                   ┌────────────────────────────────────────┐  :                                                │
                                     │                   │                   _                    │  :                                                │
                                     │                   └────────────────────────────────────────┘  :                                                │
                                     │                     │                                         :                                                │
                                     │                     │ InlineReturn                            :                                                │
                                     │                     ▼                                         :                                                │
                                     │                   ┌────────────────────────────────────────┐  :                                                │
                                     │                   │                   _                    │ ◀┘                                                │
                                     │                   └────────────────────────────────────────┘                                                   │
                                     │                     │                                                                                          │
                                     │                     │ Ret (Some 0, main)                                                                       │
                                     │                     ▼                                                                                          │
                                     │                   ┌────────────────────────────────────────┐                                                   │
                                     │                   │                   _                    │                                                   │
                                     │                   └────────────────────────────────────────┘                                                   │
                                     │                                                                                                                │
                                     └────────────────────────────────────────────────────────────────────────────────────────────────────────────────┘
