                                                                         ┌────────────────────────────────┐
                                                                         │               _                │
                                                                         └────────────────────────────────┘
                                                                           │
                                                                           │ Entry main
                                                                           ▼
                                                                         ┌────────────────────────────────┐
                                                                         │               _                │ ·┐
                                                                         └────────────────────────────────┘  :
                                                                           │                                 :
                                                                           │ InlineEntry '(1)'               :
                                                                           ▼                                 :
                                                                         ┌────────────────────────────────┐  :
                                                                         │               _                │  :
                                                                         └────────────────────────────────┘  :
                                                                           │                                 :
                                                                           │ Entry bar                       :
                                                                           ▼                                 :
                                                                         ┌────────────────────────────────┐  :
                               ┌········································ │               _                │  :
                               :                                         └────────────────────────────────┘  :
                               :                                           │                                 :
                               :                                           │ InlineEntry '(x, 3)'            :
                               :                                           ▼                                 :
                               :                                         ┌────────────────────────────────┐  :
                               :                                         │               _                │  :
                               :                                         └────────────────────────────────┘  :
                               :                                           │                                 :
                               :                                           │ Entry foo                       :
                               :                                           ▼                                 :
                               :                                         ┌────────────────────────────────┐  :
                               :                                         │               _                │ ·┼···········································┐
                               :                                         └────────────────────────────────┘  :                                           :
                               :                                           │                                 :                                           :
                               :                                           │ InlineEntry '(x < y)'           :                                           :
                               :                                           ▼                                 :                                           :
                               :                                         ┌────────────────────────────────┐  :                                           :
                               :                                         │               _                │  :                                           :
                               :                                         └────────────────────────────────┘  :                                           :
                               :                                           │                                 :                                           :
                               :                                           │ Entry __VERIFIER_assert         :                                           :
                               :                                           ▼                                 :                                           :
                               :                                         ┌────────────────────────────────┐  :                                           :
                               :                                         │               _                │  :                                           :
                               :                                         └────────────────────────────────┘  :                                           :
                               :                                           │                                 :                                           :
                               : Inlined Proc 'foo(x, 3)'                  │ Test (! cond,false)             :                                           : Inlined Proc '__VERIFIER_assert(x < y)'
                               :                                           ▼                                 :                                           :
                               :                                         ┌────────────────────────────────┐  :                                           :
                               :                                         │               _                │  :                                           :
                               :                                         └────────────────────────────────┘  :                                           :
                               :                                           │                                 :                                           :
                               :                                           │ Ret (None, __VERIFIER_assert)   :                                           :
                               :                                           ▼                                 :                                           :
                               :                                         ┌────────────────────────────────┐  :                                           :
                               :                                         │               _                │  :                                           :
                               :                                         └────────────────────────────────┘  :                                           :
                               :                                           │                                 :                                           :
                               :                                           │ InlineReturn                    :                                           :
                               :                                           ▼                                 :                                           :
                               :                                         ┌────────────────────────────────┐  :                                           :
                               :                                         │               _                │ ◀┼···········································┘
                               :                                         └────────────────────────────────┘  :
                               :                                           │                                 :
                               :                                           │ Ret (None, foo)                 :
                               :                                           ▼                                 :
                               :                                         ┌────────────────────────────────┐  :
                               :                                         │               _                │  :
                               :                                         └────────────────────────────────┘  :
                               :                                           │                                 :
                               :                                           │ InlineReturn                    :
                               :                                           ▼                                 :
                               :                                         ┌────────────────────────────────┐  :
                               └·······································▶ │               _                │ ·┼···········································┐
                                                                         └────────────────────────────────┘  :                                           :
                                                                           │                                 :                                           :
                                                                           │ InlineEntry '(x, 4)'            :                                           :
                                                                           ▼                                 :                                           :
                                                                         ┌────────────────────────────────┐  :                                           :
                                                                         │               _                │  :                                           :
                                                                         └────────────────────────────────┘  :                                           :
                                                                           │                                 :                                           :
                                                                           │ Entry foo                       :                                           :
                                                                           ▼                                 :                                           :
                                                                         ┌────────────────────────────────┐  :                                           :
                               ┌········································ │               _                │  :                                           :
                               :                                         └────────────────────────────────┘  :                                           :
                               :                                           │                                 :                                           :
                               :                                           │ InlineEntry '(x < y)'           :                                           :
                               :                                           ▼                                 :                                           :
                               :                                         ┌────────────────────────────────┐  :                                           :
                               :                                         │               _                │  :                                           :
                               :                                         └────────────────────────────────┘  :                                           :
                               :                                           │                                 :                                           :
                               :                                           │ Entry __VERIFIER_assert         :                                           :
                               :                                           ▼                                 :                                           :
                               :                                         ┌────────────────────────────────┐  :                                           :
                               :                                         │               _                │  :                                           :
                               :                                         └────────────────────────────────┘  :                                           :
                               :                                           │                                 :                                           :
                               : Inlined Proc '__VERIFIER_assert(x < y)'   │ Test (! cond,false)             :                                           : Inlined Proc 'foo(x, 4)'
                               :                                           ▼                                 :                                           :
                               :                                         ┌────────────────────────────────┐  :                                           :
                               :                                         │               _                │  :                                           :
                               :                                         └────────────────────────────────┘  :                                           :
                               :                                           │                                 :                                           :
                               :                                           │ Ret (None, __VERIFIER_assert)   :                                           :
                               :                                           ▼                                 :                                           :
                               :                                         ┌────────────────────────────────┐  :                                           :
                               :                                         │               _                │  :                                           :
                               :                                         └────────────────────────────────┘  :                                           :
                               :                                           │                                 :                                           :
                               :                                           │ InlineReturn                    :                                           :
                               :                                           ▼                                 :                                           :
                               :                                         ┌────────────────────────────────┐  :                                           :
                               └·······································▶ │               _                │  :                                           :
                                                                         └────────────────────────────────┘  :                                           :
                                                                           │                                 :                                           :
                                                                           │ Ret (None, foo)                 :                                           :
                                                                           ▼                                 :                                           :
                                                                         ┌────────────────────────────────┐  :                                           :
                                                                         │               _                │  :                                           :
                                                                         └────────────────────────────────┘  :                                           :
                                                                           │                                 :                                           :
                                                                           │ InlineReturn                    :                                           :
                                                                           ▼                                 :                                           :
                                                                         ┌────────────────────────────────┐  :                                           :
                                                                         │               _                │ ◀┼···········································┘
                                                                         └────────────────────────────────┘  :
                                                                           │                                 :
                                                                           │ Ret (None, bar)                 :
                                                                           ▼                                 :
                                                                         ┌────────────────────────────────┐  :
                                                                         │               _                │  : Inlined Proc 'bar(1)'
                                                                         └────────────────────────────────┘  :
                                                                           │                                 :
                                                                           │ InlineReturn                    :
                                                                           ▼                                 :
                                                                         ┌────────────────────────────────┐  :
                               ┌········································ │               _                │ ◀┘
                               :                                         └────────────────────────────────┘
                               :                                           │
                               :                                           │ InlineEntry '(2)'
                               :                                           ▼
                               :                                         ┌────────────────────────────────┐
                               :                                         │               _                │
                               :                                         └────────────────────────────────┘
                               :                                           │
                               :                                           │ Entry bar
                               :                                           ▼
                               :                                         ┌────────────────────────────────┐
                               :                                         │               _                │ ·┐
                               :                                         └────────────────────────────────┘  :
                               :                                           │                                 :
                               :                                           │ InlineEntry '(x, 3)'            :
                               :                                           ▼                                 :
                               :                                         ┌────────────────────────────────┐  :
                               :                                         │               _                │  :
                               :                                         └────────────────────────────────┘  :
                               :                                           │                                 :
                               :                                           │ Entry foo                       :
                               :                                           ▼                                 :
                               :                                         ┌────────────────────────────────┐  :
                               :                                         │               _                │ ·┼···········································┐
                               :                                         └────────────────────────────────┘  :                                           :
                               :                                           │                                 :                                           :
                               :                                           │ InlineEntry '(x < y)'           :                                           :
                               :                                           ▼                                 :                                           :
                               :                                         ┌────────────────────────────────┐  :                                           :
                               :                                         │               _                │  :                                           :
                               :                                         └────────────────────────────────┘  :                                           :
                               :                                           │                                 :                                           :
                               :                                           │ Entry __VERIFIER_assert         :                                           :
                               :                                           ▼                                 :                                           :
                               :                                         ┌────────────────────────────────┐  :                                           :
                               :                                         │               _                │  :                                           :
                               :                                         └────────────────────────────────┘  :                                           :
                               :                                           │                                 :                                           :
                               :                                           │ Test (! cond,false)             :                                           : Inlined Proc '__VERIFIER_assert(x < y)'
                               :                                           ▼                                 :                                           :
                               :                                         ┌────────────────────────────────┐  :                                           :
                               :                                         │               _                │  :                                           :
                               :                                         └────────────────────────────────┘  :                                           :
                               :                                           │                                 :                                           :
                               :                                           │ Ret (None, __VERIFIER_assert)   :                                           :
                               :                                           ▼                                 :                                           :
                               :                                         ┌────────────────────────────────┐  :                                           :
                               :                                         │               _                │  :                                           :
                               :                                         └────────────────────────────────┘  :                                           :
                               :                                           │                                 :                                           :
                               :                                           │ InlineReturn                    :                                           :
                               :                                           ▼                                 :                                           :
                               :                                         ┌────────────────────────────────┐  :                                           :
                               :                                         │               _                │ ◀┼···········································┘
                               :                                         └────────────────────────────────┘  :
                               :                                           │                                 :
                               :                                           │ Ret (None, foo)                 :
                               :                                           ▼                                 :
                               :                                         ┌────────────────────────────────┐  :
                               :                                         │               _                │  : Inlined Proc 'foo(x, 3)'
                               :                                         └────────────────────────────────┘  :
                               :                                           │                                 :
                               :                                           │ InlineReturn                    :
                               :                                           ▼                                 :
                               :                                         ┌────────────────────────────────┐  :
  ┌····························┼········································ │               _                │ ◀┘
  :                            :                                         └────────────────────────────────┘
  :                            :                                           │
  :                            :                                           │ InlineEntry '(x, 4)'
  :                            :                                           ▼
  :                            :                                         ┌────────────────────────────────┐
  :                            :                                         │               _                │
  :                            :                                         └────────────────────────────────┘
  :                            :                                           │
  :                            :                                           │ Entry foo
  :                            :                                           ▼
  :                            :                                         ┌────────────────────────────────┐
  :                            :                                         │               _                │ ·┐
  :                            :                                         └────────────────────────────────┘  :
  :                            :                                           │                                 :
  :                            :                                           │ InlineEntry '(x < y)'           :
  :                            :                                           ▼                                 :
  :                            :                                         ┌────────────────────────────────┐  :
  :                            :                                         │               _                │  :
  :                            :                                         └────────────────────────────────┘  :
  :                            :                                           │                                 :
  :                            :                                           │ Entry __VERIFIER_assert         :
  :                            :                                           ▼                                 :
  :                            :                                         ┌────────────────────────────────┐  :
  :                            :                                         │               _                │  :
  :                            :                                         └────────────────────────────────┘  :
  :                            :                                           │                                 :
  : Inlined Proc 'foo(x, 4)'   :                                           │ Test (! cond,false)             : Inlined Proc '__VERIFIER_assert(x < y)'
  :                            :                                           ▼                                 :
  :                            :                                         ┌────────────────────────────────┐  :
  :                            :                                         │               _                │  :
  :                            :                                         └────────────────────────────────┘  :
  :                            :                                           │                                 :
  :                            :                                           │ Ret (None, __VERIFIER_assert)   :
  :                            :                                           ▼                                 :
  :                            :                                         ┌────────────────────────────────┐  :
  :                            :                                         │               _                │  :
  :                            :                                         └────────────────────────────────┘  :
  :                            :                                           │                                 :
  :                            :                                           │ InlineReturn                    :
  :                            :                                           ▼                                 :
  :                            :                                         ┌────────────────────────────────┐  :
  :                            :                                         │               _                │ ◀┘
  :                            :                                         └────────────────────────────────┘
  :                            :                                           │
  :                            :                                           │ Ret (None, foo)
  :                            :                                           ▼
  :                            :                                         ┌────────────────────────────────┐
  :                            :                                         │               _                │
  :                            :                                         └────────────────────────────────┘
  :                            :                                           │
  :                            :                                           │ InlineReturn
  :                            :                                           ▼
  :                            :                                         ┌────────────────────────────────┐
  └····························┼·······································▶ │               _                │
                               :                                         └────────────────────────────────┘
                               :                                           │
                               :                                           │ Ret (None, bar)
                               :                                           ▼
                               :                                         ┌────────────────────────────────┐
                               : Inlined Proc 'bar(2)'                   │               _                │
                               :                                         └────────────────────────────────┘
                               :                                           │
                               :                                           │ InlineReturn
                               :                                           ▼
                               :                                         ┌────────────────────────────────┐
                               └·······································▶ │               _                │
                                                                         └────────────────────────────────┘
                                                                           │
                                                                           │ Ret (Some 0, main)
                                                                           ▼
                                                                         ┌────────────────────────────────┐
                                                                         │               _                │
                                                                         └────────────────────────────────┘
