                             ┌────────────────────────────────┐
                             │               _                │
                             └────────────────────────────────┘
                               │
                               │ Entry main
                               ▼
                             ┌────────────────────────────────┐
                             │               _                │ ·┐
                             └────────────────────────────────┘  :
                               │                                 :
                               │ InlineEntry '(1)'               :
                               ▼                                 :
                             ┌────────────────────────────────┐  :
                             │               _                │  :
                             └────────────────────────────────┘  :
                               │                                 :
                               │ Entry bar                       :
                               ▼                                 :
                             ┌────────────────────────────────┐  :
  ┌························· │               _                │  :
  :                          └────────────────────────────────┘  :
  :                            │                                 :
  :                            │ InlineEntry '(1, 3)'            :
  :                            ▼                                 :
  :                          ┌────────────────────────────────┐  :
  :                          │               _                │  :
  :                          └────────────────────────────────┘  :
  :                            │                                 :
  :                            │ Entry foo                       :
  :                            ▼                                 :
  :                          ┌────────────────────────────────┐  :
  :                          │               _                │ ·┼····························┐
  :                          └────────────────────────────────┘  :                            :
  :                            │                                 :                            :
  :                            │ InlineEntry '(x < y)'           :                            :
  :                            ▼                                 :                            :
  :                          ┌────────────────────────────────┐  :                            :
  :                          │               _                │  :                            :
  :                          └────────────────────────────────┘  :                            :
  :                            │                                 :                            :
  :                            │ Entry __VERIFIER_assert         :                            :
  :                            ▼                                 :                            :
  :                          ┌────────────────────────────────┐  :                            :
  :                          │               _                │  :                            :
  :                          └────────────────────────────────┘  :                            :
  :                            │                                 :                            :
  : Inlined Proc 'foo(1, 3)'   │ Test (! cond,false)             :                            : Inlined Proc '__VERIFIER_assert(x < y)'
  :                            ▼                                 :                            :
  :                          ┌────────────────────────────────┐  :                            :
  :                          │               _                │  :                            :
  :                          └────────────────────────────────┘  :                            :
  :                            │                                 :                            :
  :                            │ Ret (None, __VERIFIER_assert)   :                            :
  :                            ▼                                 :                            :
  :                          ┌────────────────────────────────┐  :                            :
  :                          │               _                │  :                            :
  :                          └────────────────────────────────┘  :                            :
  :                            │                                 :                            :
  :                            │ InlineReturn                    :                            :
  :                            ▼                                 :                            :
  :                          ┌────────────────────────────────┐  :                            :
  :                          │               _                │ ◀┼····························┘
  :                          └────────────────────────────────┘  :
  :                            │                                 :
  :                            │ Ret (None, foo)                 :
  :                            ▼                                 :
  :                          ┌────────────────────────────────┐  :
  :                          │               _                │  :
  :                          └────────────────────────────────┘  :
  :                            │                                 :
  :                            │ InlineReturn                    :
  :                            ▼                                 :
  :                          ┌────────────────────────────────┐  :
  └························▶ │               _                │  : Inlined Proc 'bar(1)'
                             └────────────────────────────────┘  :
                               │                                 :
                               │ Ret (None, bar)                 :
                               ▼                                 :
                             ┌────────────────────────────────┐  :
                             │               _                │  :
                             └────────────────────────────────┘  :
                               │                                 :
                               │ InlineReturn                    :
                               ▼                                 :
                             ┌────────────────────────────────┐  :
  ┌························· │               _                │ ◀┘
  :                          └────────────────────────────────┘
  :                            │
  :                            │ InlineEntry '(2)'
  :                            ▼
  :                          ┌────────────────────────────────┐
  :                          │               _                │
  :                          └────────────────────────────────┘
  :                            │
  :                            │ Entry bar
  :                            ▼
  :                          ┌────────────────────────────────┐
  :                          │               _                │ ·┐
  :                          └────────────────────────────────┘  :
  :                            │                                 :
  :                            │ InlineEntry '(1, 3)'            :
  :                            ▼                                 :
  :                          ┌────────────────────────────────┐  :
  :                          │               _                │  :
  :                          └────────────────────────────────┘  :
  :                            │                                 :
  :                            │ Entry foo                       :
  :                            ▼                                 :
  :                          ┌────────────────────────────────┐  :
  :                          │               _                │ ·┼····························┐
  :                          └────────────────────────────────┘  :                            :
  :                            │                                 :                            :
  :                            │ InlineEntry '(x < y)'           :                            :
  :                            ▼                                 :                            :
  :                          ┌────────────────────────────────┐  :                            :
  :                          │               _                │  :                            :
  :                          └────────────────────────────────┘  :                            :
  :                            │                                 :                            :
  :                            │ Entry __VERIFIER_assert         :                            :
  :                            ▼                                 :                            :
  :                          ┌────────────────────────────────┐  :                            :
  :                          │               _                │  :                            :
  :                          └────────────────────────────────┘  :                            :
  :                            │                                 :                            :
  : Inlined Proc 'bar(2)'      │ Test (! cond,false)             :                            : Inlined Proc '__VERIFIER_assert(x < y)'
  :                            ▼                                 :                            :
  :                          ┌────────────────────────────────┐  :                            :
  :                          │               _                │  :                            :
  :                          └────────────────────────────────┘  :                            :
  :                            │                                 :                            :
  :                            │ Ret (None, __VERIFIER_assert)   :                            :
  :                            ▼                                 :                            :
  :                          ┌────────────────────────────────┐  :                            :
  :                          │               _                │  :                            :
  :                          └────────────────────────────────┘  :                            :
  :                            │                                 :                            :
  :                            │ InlineReturn                    :                            :
  :                            ▼                                 :                            :
  :                          ┌────────────────────────────────┐  :                            :
  :                          │               _                │ ◀┼····························┘
  :                          └────────────────────────────────┘  :
  :                            │                                 :
  :                            │ Ret (None, foo)                 :
  :                            ▼                                 :
  :                          ┌────────────────────────────────┐  :
  :                          │               _                │  : Inlined Proc 'foo(1, 3)'
  :                          └────────────────────────────────┘  :
  :                            │                                 :
  :                            │ InlineReturn                    :
  :                            ▼                                 :
  :                          ┌────────────────────────────────┐  :
  :                          │               _                │ ◀┘
  :                          └────────────────────────────────┘
  :                            │
  :                            │ Ret (None, bar)
  :                            ▼
  :                          ┌────────────────────────────────┐
  :                          │               _                │
  :                          └────────────────────────────────┘
  :                            │
  :                            │ InlineReturn
  :                            ▼
  :                          ┌────────────────────────────────┐
  └························▶ │               _                │
                             └────────────────────────────────┘
                               │
                               │ Ret (Some 0, main)
                               ▼
                             ┌────────────────────────────────┐
                             │               _                │
                             └────────────────────────────────┘
