                                                                                                                                                             ┌────────────────────────────────────────┐
                                                                                                                                                             │                   _                    │
                                                                                                                                                             └────────────────────────────────────────┘
                                                                                                                                                               │
                                                                                                                                                               │ Entry main
                                                                                                                                                               ▼
                                                                                                                                                             ┌────────────────────────────────────────┐
                                                                                                                                                             │                   _                    │ ·┐
                                                                                                                                                             └────────────────────────────────────────┘  :
                                                                                                                                                               │                                         :
                                                                                                                                                               │ InlineEntry '()'                        :
                                                                                                                                                               ▼                                         :
                                                                                                                                                             ┌────────────────────────────────────────┐  :
                                                                                                                                                             │                   _                    │  :
                                                                                                                                                             └────────────────────────────────────────┘  :
                                                                                                                                                               │                                         :
                                                                                                                                                               │ Entry __VERIFIER_nondet_int             :
                                                                                                                                                               ▼                                         :
                                                                                                                                                             ┌────────────────────────────────────────┐  :
                                                                                                                                                             │                   _                    │  : Inlined Proc 'tmp = __VERIFIER_nondet_int()'
                                                                                                                                                             └────────────────────────────────────────┘  :
                                                                                                                                                               │                                         :
                                                                                                                                                               │ Ret (Some val, __VERIFIER_nondet_int)   :
                                                                                                                                                               ▼                                         :
                                                                                                                                                             ┌────────────────────────────────────────┐  :
                                                                                                                                                             │                   _                    │  :
                                                                                                                                                             └────────────────────────────────────────┘  :
                                                                                                                                                               │                                         :
                                                                                                                                                               │ InlineReturn 'tmp'                      :
                                                                                                                                                               ▼                                         :
                                                                                       ┌────────────────────┐  Test (tmp,false)                              ┌────────────────────────────────────────┐  :
  ┌··················································································· │         _          │ ◀───────────────────────────────────────────── │                   _                    │ ◀┘
  :                                                                                    └────────────────────┘                                                └────────────────────────────────────────┘
  :                                                                                      │                                                                     │
  :                                                                                      │ InlineEntry '(2)'                                                   │ Test (tmp,true)
  :                                                                                      ▼                                                                     ▼
  :                                                                                    ┌────────────────────┐                                                ┌────────────────────────────────────────┐
  :                                                                                    │         _          │                                                │                   _                    │ ·┐
  :                                                                                    └────────────────────┘                                                └────────────────────────────────────────┘  :
  :                                                                                      │                                                                     │                                         :
  :                                                                                      │ Entry foo                                                           │ InlineEntry '(1)'                       :
  :                                                                                      ▼                                                                     ▼                                         :
  :  ┌────────────────────────────────┐  InlineEntry '(x - 1 < x)'                     ┌────────────────────┐                                                ┌────────────────────────────────────────┐  :
  :  │               _                │ ◀───────────────────────────────────────────── │         _          │                                                │                   _                    │  :
  :  └────────────────────────────────┘                                                └────────────────────┘                                                └────────────────────────────────────────┘  :
  :    │                                                                                 :                                                                     │                                         :
  :    │ Entry __VERIFIER_assert                                                         :                                                                     │ Entry foo                               :
  :    ▼                                                                                 :                                                                     ▼                                         :
  :  ┌────────────────────────────────┐                                                  :                                                                   ┌────────────────────────────────────────┐  :
  :  │               _                │                                                  :                     ┌············································ │                   _                    │  :
  :  └────────────────────────────────┘                                                  :                     :                                             └────────────────────────────────────────┘  :
  :    │                                                                                 :                     :                                               │                                         :
  :    │ Test (! cond,false)                                                             :                     :                                               │ InlineEntry '(x - 1 < x)'               :
  :    ▼                                                                                 :                     :                                               ▼                                         :
  :  ┌────────────────────────────────┐                                                  :                     :                                             ┌────────────────────────────────────────┐  :
  :  │               _                │                                                  :                     :                                             │                   _                    │  :
  :  └────────────────────────────────┘                                                  :                     :                                             └────────────────────────────────────────┘  :
  :    │                                                                                 :                     :                                               │                                         :
  :    │ Ret (None, __VERIFIER_assert)                                                   :                     :                                               │ Entry __VERIFIER_assert                 :
  :    ▼                                                                                 :                     :                                               ▼                                         :
  :  ┌────────────────────────────────┐                                                  :                     :                                             ┌────────────────────────────────────────┐  :
  :  │               _                │                                                  :                     :                                             │                   _                    │  :
  :  └────────────────────────────────┘                                                  :                     :                                             └────────────────────────────────────────┘  :
  :    │                                                                                 :                     :                                               │                                         :
  :    │ InlineReturn                                                                    :                     : Inlined Proc '__VERIFIER_assert(x - 1 < x)'   │ Test (! cond,false)                     :
  :    ▼                                                                                 :                     :                                               ▼                                         :
  :  ┌────────────────────────────────┐  Inlined Proc '__VERIFIER_assert(x - 1 < x)'     :                     :                                             ┌────────────────────────────────────────┐  :
  :  │               _                │ ◀················································┘                     :                                             │                   _                    │  :
  :  └────────────────────────────────┘                                                                        :                                             └────────────────────────────────────────┘  :
  :    │                                                                                                       :                                               │                                         :
  :    │ Ret (None, foo)                                                                                       :                                               │ Ret (None, __VERIFIER_assert)           :
  :    ▼                                                                                                       :                                               ▼                                         :
  :  ┌────────────────────────────────┐                                                                        :                                             ┌────────────────────────────────────────┐  :
  :  │               _                │                                                                        :                                             │                   _                    │  :
  :  └────────────────────────────────┘                                                                        :                                             └────────────────────────────────────────┘  :
  :    │                                                                                                       :                                               │                                         :
  :    │                                                                                                       :                                               │ InlineReturn                            :
  :    │                                                                                                       :                                               ▼                                         :
  :    │                                                                                                       :                                             ┌────────────────────────────────────────┐  :
  :    │                                                                                                       └···········································▶ │                   _                    │  :
  :    │                                                                                                                                                     └────────────────────────────────────────┘  :
  :    │                                                                                                                                                       │                                         :
  :    │                                                                                                                                                       │ Ret (None, foo)                         :
  :    │                                                                                                                                                       ▼                                         :
  :    │                                                                                                                                                     ┌────────────────────────────────────────┐  :
  :    │                                                                                                                                                     │                   _                    │  :
  :    │                                                                                                                                                     └────────────────────────────────────────┘  :
  :    │                                                                                                                                                       │                                         :
  :    │                                                                                                                                                       │ InlineReturn                            : Inlined Proc 'foo(1)'
  :    │                                                                                                                                                       ▼                                         ▼
  :    │                                                                                                      InlineReturn                                   ┌─────────────────────────────────────────────────────────────────────────────────────────┐
  :    └───────────────────────────────────────────────────────────────────────────────────────────────────────────────────────────────────────────────────▶ │                                            _                                            │
  :                                                                                                                                                          └─────────────────────────────────────────────────────────────────────────────────────────┘
  :                                                                                                                                                            │                                         ▲
  :                                                                                                                                                            │ Ret (Some 0, main)                      : Inlined Proc 'foo(2)'
  :                                                                                                                                                            ▼                                         :
  :                                                                                                                                                          ┌────────────────────────────────────────┐  :
  :                                                                                                                                                          │                   _                    │  :
  :                                                                                                                                                          └────────────────────────────────────────┘  :
  :                                                                                                                                                                                                      :
  └······································································································································································································┘
