Warning: Layouter could only place 13 nodes/15 edges out of 13/16 - giving up at /usr/bin/graph-easy line 144.

                   ┌───────────────────────────────────────────────────────────────────────────────────────────────────────────────────────────────────────────────────────────────┐
                   │                                                                                                                                                               │
                   │                                                      ┌────────────────────────────┐                                                                           │
                   │                                                      │             _              │                                                                           │
                   │                                                      └────────────────────────────┘                                                                           │
                   │                                                        │                                                                                                      │
                   │ InlineReturn                                           │ Entry main                                                                                           │
                   ▼                                                        ▼                                                                                                      │
                 ┌─────────────────────┐  Inlined Proc 'foo(1)'           ┌────────────────────────────┐                                                                           │
                 │          _          │ ◀······························· │             _              │                                                                           │
                 └─────────────────────┘                                  └────────────────────────────┘                                                                           │
                   │                                                        │                                                                                                      │
                   └──────────────────────┐                                 │ InlineEntry '(1)'                                                                                    │
                                          │                                 ▼                                                                                                      │
                 ┌─────────────────────┐  │                               ┌────────────────────────────┐                                                                           │
  ┌────────────▶ │          _          │  └─────────────────────────────▶ │             _              │                                                                           │
  │              └─────────────────────┘                                  └────────────────────────────┘                                                                           │
  │                │                                                        │                                                                                                      │
  │ InlineReturn   │ Ret (Some 0, main)                                     │ Entry foo                                                                                            │
  │                ▼                                                        ▼                                                                                                      │
  │              ┌─────────────────────┐                                  ┌────────────────────────────┐  Inlined Proc '__VERIFIER_assert(x - 1 < x)'   ┌───┐  Ret (None, foo)   ┌───┐
  │              │          _          │                                  │             _              │ ·············································▶ │ _ │ ─────────────────▶ │ _ │
  │              └─────────────────────┘                                  └────────────────────────────┘                                                └───┘                    └───┘
  │                                                                         │                                                                             ▲                        │
  │                                                                         │ InlineEntry '(x - 1 < x)'                                                   │                        │
  │                                                                         ▼                                                                             │                        │
  │                                                                       ┌────────────────────────────┐                                                  │                        │
  │                                                                       │             _              │                                                  │                        │
  │                                                                       └────────────────────────────┘                                                  │                        │
  │                                                                         │                                                                             │                        │
  │                                                                         │ Entry __VERIFIER_assert                                                     │                        │
  │                                                                         ▼                                                                             │                        │
  │              ┌─────────────────────┐  Test (! cond,false)             ┌────────────────────────────┐                                                  │                        │
  │              │          _          │ ◀─────────────────────────────── │             _              │                                                  │                        │
  │              └─────────────────────┘                                  └────────────────────────────┘                                                  │                        │
  │                │                                                                                                                                      │                        │
  │                │                                                                                                                                      │                        │
  │                │                                                                                                                                      │                        │
  │                │                     Ret (None, __VERIFIER_assert)    ┌────────────────────────────┐  InlineReturn                                    │                        │
  │                └────────────────────────────────────────────────────▶ │             _              │ ─────────────────────────────────────────────────┘                        │
  │                                                                       └────────────────────────────┘                                                                           │
  │                                                                                                                                                                                │
  └────────────────────────────────────────────────────────────────────────────────────────────────────────────────────────────────────────────────────────────────────────────────┘
