                                                ┌────────────────────────────────┐
                                                │               _                │
                                                └────────────────────────────────┘
                                                  │
                                                  │ Entry main
                                                  ▼
                                                ┌────────────────────────────────┐
                                                │               _                │ ·┐
                                                └────────────────────────────────┘  :
                                                  │                                 :
                                                  │ InlineEntry '(1)'               :
                                                  ▼                                 :
                                                ┌────────────────────────────────┐  :
                                                │               _                │  :
                                                └────────────────────────────────┘  :
                                                  │                                 :
                                                  │ Entry foo                       :
                                                  ▼                                 :
                                                ┌────────────────────────────────┐  :
  ┌············································ │               _                │  :
  :                                             └────────────────────────────────┘  :
  :                                               │                                 :
  :                                               │ InlineEntry '(x - 1 < x)'       :
  :                                               ▼                                 :
  :                                             ┌────────────────────────────────┐  :
  :                                             │               _                │  :
  :                                             └────────────────────────────────┘  :
  :                                               │                                 :
  :                                               │ Entry __VERIFIER_assert         :
  :                                               ▼                                 :
  :                                             ┌────────────────────────────────┐  :
  :                                             │               _                │  :
  :                                             └────────────────────────────────┘  :
  :                                               │                                 :
  : Inlined Proc '__VERIFIER_assert(x - 1 < x)'   │ Test (! cond,false)             : Inlined Proc 'foo(1)'
  :                                               ▼                                 :
  :                                             ┌────────────────────────────────┐  :
  :                                             │               _                │  :
  :                                             └────────────────────────────────┘  :
  :                                               │                                 :
  :                                               │ Ret (None, __VERIFIER_assert)   :
  :                                               ▼                                 :
  :                                             ┌────────────────────────────────┐  :
  :                                             │               _                │  :
  :                                             └────────────────────────────────┘  :
  :                                               │                                 :
  :                                               │ InlineReturn                    :
  :                                               ▼                                 :
  :                                             ┌────────────────────────────────┐  :
  └···········································▶ │               _                │  :
                                                └────────────────────────────────┘  :
                                                  │                                 :
                                                  │ Ret (None, foo)                 :
                                                  ▼                                 :
                                                ┌────────────────────────────────┐  :
                                                │               _                │  :
                                                └────────────────────────────────┘  :
                                                  │                                 :
                                                  │ InlineReturn                    :
                                                  ▼                                 :
                                                ┌────────────────────────────────┐  :
  ┌············································ │               _                │ ◀┘
  :                                             └────────────────────────────────┘
  :                                               │
  :                                               │ InlineEntry '(2)'
  :                                               ▼
  :                                             ┌────────────────────────────────┐
  :                                             │               _                │
  :                                             └────────────────────────────────┘
  :                                               │
  :                                               │ Entry foo
  :                                               ▼
  :                                             ┌────────────────────────────────┐
  :                                             │               _                │ ·┐
  :                                             └────────────────────────────────┘  :
  :                                               │                                 :
  :                                               │ InlineEntry '(x - 1 < x)'       :
  :                                               ▼                                 :
  :                                             ┌────────────────────────────────┐  :
  :                                             │               _                │  :
  :                                             └────────────────────────────────┘  :
  :                                               │                                 :
  :                                               │ Entry __VERIFIER_assert         :
  :                                               ▼                                 :
  :                                             ┌────────────────────────────────┐  :
  :                                             │               _                │  :
  :                                             └────────────────────────────────┘  :
  :                                               │                                 :
  : Inlined Proc 'foo(2)'                         │ Test (! cond,false)             : Inlined Proc '__VERIFIER_assert(x - 1 < x)'
  :                                               ▼                                 :
  :                                             ┌────────────────────────────────┐  :
  :                                             │               _                │  :
  :                                             └────────────────────────────────┘  :
  :                                               │                                 :
  :                                               │ Ret (None, __VERIFIER_assert)   :
  :                                               ▼                                 :
  :                                             ┌────────────────────────────────┐  :
  :                                             │               _                │  :
  :                                             └────────────────────────────────┘  :
  :                                               │                                 :
  :                                               │ InlineReturn                    :
  :                                               ▼                                 :
  :                                             ┌────────────────────────────────┐  :
  :                                             │               _                │ ◀┘
  :                                             └────────────────────────────────┘
  :                                               │
  :                                               │ Ret (None, foo)
  :                                               ▼
  :                                             ┌────────────────────────────────┐
  :                                             │               _                │
  :                                             └────────────────────────────────┘
  :                                               │
  :                                               │ InlineReturn
  :                                               ▼
  :                                             ┌────────────────────────────────┐
  └···········································▶ │               _                │
                                                └────────────────────────────────┘
                                                  │
                                                  │ Ret (Some 0, main)
                                                  ▼
                                                ┌────────────────────────────────┐
                                                │               _                │
                                                └────────────────────────────────┘
