                                                          ┌────────────────────────────────────────┐
                                                          │                   _                    │
                                                          └────────────────────────────────────────┘
                                                            │
                                                            │ Entry main
                                                            ▼
                                                          ┌────────────────────────────────────────┐
                                                          │                   _                    │ ·┐
                                                          └────────────────────────────────────────┘  :
                                                            │                                         :
                                                            │ InlineEntry '()'                        :
                                                            ▼                                         :
                                                          ┌────────────────────────────────────────┐  :
                                                          │                   _                    │  :
                                                          └────────────────────────────────────────┘  :
                                                            │                                         :
                                                            │ Entry __VERIFIER_nondet_int             :
                                                            ▼                                         :
                                                          ┌────────────────────────────────────────┐  :
                                                          │                   _                    │  : Inlined Proc 'tmp = __VERIFIER_nondet_int()'
                                                          └────────────────────────────────────────┘  :
                                                            │                                         :
                                                            │ Ret (Some val, __VERIFIER_nondet_int)   :
                                                            ▼                                         :
                                                          ┌────────────────────────────────────────┐  :
                                                          │                   _                    │  :
                                                          └────────────────────────────────────────┘  :
                                                            │                                         :
                                                            │ InlineReturn 'tmp'                      :
                                                            ▼                                         :
     ┌───┐  Test (tmp,false)                              ┌────────────────────────────────────────┐  :
  ┌· │ _ │ ◀───────────────────────────────────────────── │                   _                    │ ◀┘
  :  └───┘                                                └────────────────────────────────────────┘
  :    │                                                    │
  :    │                                                    │ Test (tmp,true)
  :    │                                                    ▼
  :    │                                                  ┌────────────────────────────────────────┐
  :    │                                                  │                   _                    │ ·┐
  :    │                                                  └────────────────────────────────────────┘  :
  :    │                                                    │                                         :
  :    │                                                    │ InlineEntry '(1)'                       :
  :    │                                                    ▼                                         :
  :    │   InlineEntry '(1)'                              ┌────────────────────────────────────────┐  :
  :    └────────────────────────────────────────────────▶ │                   _                    │  :
  :                                                       └────────────────────────────────────────┘  :
  :                                                         │                                         :
  :                                                         │ Entry foo                               :
  :                                                         ▼                                         :
  :                                                       ┌────────────────────────────────────────┐  :
  :         ┌············································ │                   _                    │  :
  :         :                                             └────────────────────────────────────────┘  :
  :         :                                               │                                         :
  :         :                                               │ InlineEntry '(x - 1 < x)'               :
  :         :                                               ▼                                         :
  :         :                                             ┌────────────────────────────────────────┐  :
  :         :                                             │                   _                    │  :
  :         :                                             └────────────────────────────────────────┘  :
  :         :                                               │                                         :
  :         :                                               │ Entry __VERIFIER_assert                 :
  :         :                                               ▼                                         :
  :         :                                             ┌────────────────────────────────────────┐  :
  :         :                                             │                   _                    │  :
  :         :                                             └────────────────────────────────────────┘  :
  :         :                                               │                                         :
  :         : Inlined Proc '__VERIFIER_assert(x - 1 < x)'   │ Test (! cond,false)                     : Inlined Proc 'foo(1)'
  :         :                                               ▼                                         :
  :         :                                             ┌────────────────────────────────────────┐  :
  :         :                                             │                   _                    │  :
  :         :                                             └────────────────────────────────────────┘  :
  :         :                                               │                                         :
  :         :                                               │ Ret (None, __VERIFIER_assert)           :
  :         :                                               ▼                                         :
  :         :                                             ┌────────────────────────────────────────┐  :
  :         :                                             │                   _                    │  :
  :         :                                             └────────────────────────────────────────┘  :
  :         :                                               │                                         :
  :         :                                               │ InlineReturn                            :
  :         :                                               ▼                                         :
  :         :                                             ┌────────────────────────────────────────┐  :
  :         └···········································▶ │                   _                    │  :
  :                                                       └────────────────────────────────────────┘  :
  :                                                         │                                         :
  :                                                         │ Ret (None, foo)                         :
  :                                                         ▼                                         :
  :                                                       ┌────────────────────────────────────────┐  :
  :                                                       │                   _                    │  :
  :                                                       └────────────────────────────────────────┘  :
  :                                                         │                                         :
  :                                                         │ InlineReturn                            :
  :                                                         ▼                                         :
  :        Inlined Proc 'foo(1)'                          ┌────────────────────────────────────────┐  :
  └·····················································▶ │                   _                    │ ◀┘
                                                          └────────────────────────────────────────┘
                                                            │
                                                            │ Ret (Some 0, main)
                                                            ▼
                                                          ┌────────────────────────────────────────┐
                                                          │                   _                    │
                                                          └────────────────────────────────────────┘
