                                                     ┌────────────────────────────────────────┐
                                                     │                   _                    │
                                                     └────────────────────────────────────────┘
                                                       │
                                                       │ Entry main
                                                       ▼
                                                     ┌────────────────────────────────────────┐
                                                     │                   _                    │ ·┐
                                                     └────────────────────────────────────────┘  :
                                                       │                                         :
                                                       │ InlineEntry '()'                        :
                                                       ▼                                         :
                                                     ┌────────────────────────────────────────┐  :
                                                     │                   _                    │  :
                                                     └────────────────────────────────────────┘  :
                                                       │                                         :
                                                       │ Entry __VERIFIER_nondet_int             :
                                                       ▼                                         :
                                                     ┌────────────────────────────────────────┐  :
                                                     │                   _                    │  : Inlined Proc 'tmp = __VERIFIER_nondet_int()'
                                                     └────────────────────────────────────────┘  :
                                                       │                                         :
                                                       │ Ret (Some val, __VERIFIER_nondet_int)   :
                                                       ▼                                         :
                                                     ┌────────────────────────────────────────┐  :
                                                     │                   _                    │  :
                                                     └────────────────────────────────────────┘  :
                                                       │                                         :
                                                       │ InlineReturn 'tmp'                      :
                                                       ▼                                         :
┌───┐  Test (tmp,false)                              ┌────────────────────────────────────────┐  :
│ _ │ ◀───────────────────────────────────────────── │                   _                    │ ◀┘
└───┘                                                └────────────────────────────────────────┘
  │                                                    │
  │                                                    │ Test (tmp,true)
  │                                                    ▼
  │                                                  ┌────────────────────────────────────────┐
  │                                                  │                   _                    │
  │                                                  └────────────────────────────────────────┘
  │                                                    │
  │                                                    │ Assign 'fun = & foo'
  │                                                    ▼
  │   Assign 'fun = & bar'                           ┌─────────────────────────────────────────────────────────────────────────────────────────┐  InlineEntry '(1)'   ┌────────────────────────────────┐
  └────────────────────────────────────────────────▶ │                                            _                                            │ ───────────────────▶ │               _                │
                                                     └─────────────────────────────────────────────────────────────────────────────────────────┘                      └────────────────────────────────┘
                                                       │                                         :                                                                      │
                                                       │ InlineEntry '(1)'                       :                                                                      │ Entry bar
                                                       ▼                                         :                                                                      ▼
                                                     ┌────────────────────────────────────────┐  :                                                                    ┌────────────────────────────────┐
                                                     │                   _                    │  :                                                                    │               _                │ ·┐
                                                     └────────────────────────────────────────┘  :                                                                    └────────────────────────────────┘  :
                                                       │                                         :                                                                      │                                 :
                                                       │ Entry foo                               :                                                                      │ InlineEntry '(x < x + 1)'       :
                                                       ▼                                         :                                                                      ▼                                 :
                                                     ┌────────────────────────────────────────┐  :                                                                    ┌────────────────────────────────┐  :
       ┌············································ │                   _                    │  :                                                                    │               _                │  :
       :                                             └────────────────────────────────────────┘  :                                                                    └────────────────────────────────┘  :
       :                                               │                                         :                                                                      │                                 :
       :                                               │ InlineEntry '(x - 1 < x)'               :                                                                      │ Entry __VERIFIER_assert         :
       :                                               ▼                                         :                                                                      ▼                                 :
       :                                             ┌────────────────────────────────────────┐  :                                                                    ┌────────────────────────────────┐  :
       :                                             │                   _                    │  :                                                                    │               _                │  :
       :                                             └────────────────────────────────────────┘  :                                                                    └────────────────────────────────┘  :
       :                                               │                                         :                                                                      │                                 :
       :                                               │ Entry __VERIFIER_assert                 :                                                                      │ Test (! cond,false)             : Inlined Proc '__VERIFIER_assert(x < x + 1)'
       :                                               ▼                                         :                                                                      ▼                                 :
       :                                             ┌────────────────────────────────────────┐  :                                                                    ┌────────────────────────────────┐  :
       :                                             │                   _                    │  :                                                                    │               _                │  :
       :                                             └────────────────────────────────────────┘  :                                                                    └────────────────────────────────┘  :
       :                                               │                                         :                                                                      │                                 :
       : Inlined Proc '__VERIFIER_assert(x - 1 < x)'   │ Test (! cond,false)                     :                                                                      │ Ret (None, __VERIFIER_assert)   :
       :                                               ▼                                         :                                                                      ▼                                 :
       :                                             ┌────────────────────────────────────────┐  : Inlined Proc '*fun(1)'                                             ┌────────────────────────────────┐  :
       :                                             │                   _                    │  :                                                                    │               _                │  :
       :                                             └────────────────────────────────────────┘  :                                                                    └────────────────────────────────┘  :
       :                                               │                                         :                                                                      │                                 :
       :                                               │ Ret (None, __VERIFIER_assert)           :                                                                      │ InlineReturn                    :
       :                                               ▼                                         :                                                                      ▼                                 :
       :                                             ┌────────────────────────────────────────┐  :                                                                    ┌────────────────────────────────┐  :
       :                                             │                   _                    │  :                                                                    │               _                │ ◀┘
       :                                             └────────────────────────────────────────┘  :                                                                    └────────────────────────────────┘
       :                                               │                                         :                                                                      │
       :                                               │ InlineReturn                            :                                                                      │ Ret (None, bar)
       :                                               ▼                                         :                                                                      ▼
       :                                             ┌────────────────────────────────────────┐  :                                                                    ┌────────────────────────────────┐
       └···········································▶ │                   _                    │  :                                                                    │               _                │
                                                     └────────────────────────────────────────┘  :                                                                    └────────────────────────────────┘
                                                       │                                         :                                                                      │
                                                       │ Ret (None, foo)                         :                                                                      │
                                                       ▼                                         :                                                                      │
                                                     ┌────────────────────────────────────────┐  :                                                                      │
                                                     │                   _                    │  :                                                                      │
                                                     └────────────────────────────────────────┘  :                                                                      │
                                                       │                                         :                                                                      │
                                                       │ InlineReturn                            :                                                                      │
                                                       ▼                                         :                                                                      │
                                                     ┌────────────────────────────────────────┐  :                                                                      │
       ┌───────────────────────────────────────────▶ │                   _                    │ ◀┘                                                                      │
       │                                             └────────────────────────────────────────┘                                                                         │
       │                                               │                                                                                                                │
       │                                               │ Ret (Some 0, main)                                                                                             │
       │                                               ▼                                                                                                                │
       │ InlineReturn                                ┌────────────────────────────────────────┐                                                                         │
       │                                             │                   _                    │                                                                         │
       │                                             └────────────────────────────────────────┘                                                                         │
       │                                                                                                                                                                │
       └────────────────────────────────────────────────────────────────────────────────────────────────────────────────────────────────────────────────────────────────┘
