                         ┌────────────────────────────────────────┐
                         │                   _                    │
                         └────────────────────────────────────────┘
                           │
                           │ Entry main
                           ▼
                         ┌────────────────────────────────────────┐
                         │                   _                    │ ·┐
                         └────────────────────────────────────────┘  :
                           │                                         :
                           │ InlineEntry '()'                        :
                           ▼                                         :
                         ┌────────────────────────────────────────┐  :
                         │                   _                    │  :
                         └────────────────────────────────────────┘  :
                           │                                         :
                           │ Entry __VERIFIER_nondet_int             :
                           ▼                                         :
                         ┌────────────────────────────────────────┐  :
                         │                   _                    │  : Inlined Proc 'tmp = __VERIFIER_nondet_int()'
                         └────────────────────────────────────────┘  :
                           │                                         :
                           │ Ret (Some val, __VERIFIER_nondet_int)   :
                           ▼                                         :
                         ┌────────────────────────────────────────┐  :
                         │                   _                    │  :
                         └────────────────────────────────────────┘  :
                           │                                         :
                           │ InlineReturn 'tmp'                      :
                           ▼                                         :
┌───┐  Test (tmp,true)   ┌────────────────────────────────────────┐  :
│ _ │ ◀───────────────── │                   _                    │ ◀┘
└───┘                    └────────────────────────────────────────┘
  │                        │
  │                        │ Test (tmp,false)
  │                        ▼
  │                      ┌────────────────────────────────────────┐
  │                      │                   _                    │
  │                      └────────────────────────────────────────┘
  │                        │
  │                        │ Assign 'x = 2'
  │                        ▼
  │   Assign 'x = 1'     ┌────────────────────────────────────────┐
  └────────────────────▶ │                   _                    │
                         └────────────────────────────────────────┘
                           │
                           │ Assign 'tmp___0 = 1 <= x && x <= 2'
                           ▼
                         ┌────────────────────────────────────────┐
                         │                   _                    │ ·┐
                         └────────────────────────────────────────┘  :
                           │                                         :
                           │ InlineEntry '(tmp___0)'                 :
                           ▼                                         :
                         ┌────────────────────────────────────────┐  :
                         │                   _                    │  :
                         └────────────────────────────────────────┘  :
                           │                                         :
                           │ Entry __VERIFIER_assert                 :
                           ▼                                         :
                         ┌────────────────────────────────────────┐  :
                         │                   _                    │  :
                         └────────────────────────────────────────┘  :
                           │                                         :
                           │ Test (! cond,false)                     : Inlined Proc '__VERIFIER_assert(tmp___0)'
                           ▼                                         :
                         ┌────────────────────────────────────────┐  :
                         │                   _                    │  :
                         └────────────────────────────────────────┘  :
                           │                                         :
                           │ Ret (None, __VERIFIER_assert)           :
                           ▼                                         :
                         ┌────────────────────────────────────────┐  :
                         │                   _                    │  :
                         └────────────────────────────────────────┘  :
                           │                                         :
                           │ InlineReturn                            :
                           ▼                                         :
                         ┌────────────────────────────────────────┐  :
                         │                   _                    │ ◀┘
                         └────────────────────────────────────────┘
                           │
                           │ Ret (Some 0, main)
                           ▼
                         ┌────────────────────────────────────────┐
                         │                   _                    │
                         └────────────────────────────────────────┘
