                       ┌────────────────────────────────┐
                       │               _                │
                       └────────────────────────────────┘
                         │
                         │ Entry main
                         ▼
                       ┌────────────────────────────────┐
                       │               _                │ ·┐
                       └────────────────────────────────┘  :
                         │                                 :
                         │ InlineEntry '()'                :
                         ▼                                 :
                       ┌────────────────────────────────┐  :
                       │               _                │  :
                       └────────────────────────────────┘  :
                         │                                 :
                         │ Entry fun                       :
                         ▼                                 :
                       ┌────────────────────────────────┐  :
                       │               _                │  :
                       └────────────────────────────────┘  :
                         │                                 :
                         │ Assign 'i = 0'                  :
                         ▼                                 :
                       ┌────────────────────────────────┐  :                                            ┌───────────────────────┐  Ret (None, fun)   ┌─────────────────────┐
  ┌──────────────────▶ │               _                │ ─┼──────────────────────────────────────────▶ │           _           │ ─────────────────▶ │          _          │
  │                    └────────────────────────────────┘  :                                            └───────────────────────┘                    └─────────────────────┘
  │                      │                                 :                                             Inlined Proc 'fun()'                          │
  │                      │ Test (i < 1000,true)            └·······································································┐                   │ InlineReturn
  │                      ▼                                                                                                         :                   ▼
  │                    ┌────────────────────────────────┐                                                                          :                 ┌─────────────────────┐
  │                    │               _                │ ·┐                                                                       └···············▶ │          _          │
  │                    └────────────────────────────────┘  :                                                                                         └─────────────────────┘
  │                      │                                 :                                                                                           │
  │                      │ InlineEntry '(i < 2000)'        :                                                                                           │ Ret (Some 0, main)
  │                      ▼                                 :                                                                                           ▼
  │                    ┌────────────────────────────────┐  :                                                                                         ┌─────────────────────┐
  │                    │               _                │  :                                                                                         │          _          │
  │                    └────────────────────────────────┘  :                                                                                         └─────────────────────┘
  │                      │                                 :
  │                      │ Entry __VERIFIER_assert         :
  │                      ▼                                 :
  │                    ┌────────────────────────────────┐  :
  │ Assign 'i = i + 1' │               _                │  :
  │                    └────────────────────────────────┘  :
  │                      │                                 :
  │                      │ Test (! cond,false)             : Inlined Proc '__VERIFIER_assert(i < 2000)'
  │                      ▼                                 :
  │                    ┌────────────────────────────────┐  :
  │                    │               _                │  :
  │                    └────────────────────────────────┘  :
  │                      │                                 :
  │                      │ Ret (None, __VERIFIER_assert)   :
  │                      ▼                                 :
  │                    ┌────────────────────────────────┐  :
  │                    │               _                │  :
  │                    └────────────────────────────────┘  :
  │                      │                                 :
  │                      │ InlineReturn                    :
  │                      ▼                                 :
  │                    ┌────────────────────────────────┐  :
  └─────────────────── │               _                │ ◀┘
                       └────────────────────────────────┘
