
  ┌────────────────────────────────────────────────────────────────────────────────────────────────────────────────────────────────────────────────────────────────────────────────────────────────────────────────────────────┐
  │                                                                                                                                                                                                                            │
  │                                                                                                                                        ┌────────────────────────────────┐                                                  │
  │                                                                                                                                        │               _                │                                                  │
  │                                                                                                                                        └────────────────────────────────┘                                                  │
  │                                                                                                                                          │                                                                                 │
  │                                                                                                                                          │ Entry main                                                                      │
  │                                                                                                                                          ▼                                                                                 │
  │                                                                                                                                        ┌────────────────────────────────┐                                                  │
  │                                                                                                                                        │               _                │ ·┐                                               │
  │                                                                                                                                        └────────────────────────────────┘  :                                               │
  │                                                                                                                                          │                                 :                                               │
  │                                                                                                                                          │ InlineEntry '()'                :                                               │
  │                                                                                                                                          ▼                                 :                                               │
  │                                                                                                                                        ┌────────────────────────────────┐  :                                               │
  │                                                                                                                                        │               _                │  :                                               │
  │                                                                                                                                        └────────────────────────────────┘  :                                               │
  │                                                                                                                                          │                                 :                                               │
  │                                                                                                                                          │ Entry fun                       :                                               │
  │                                                                                                                                          ▼                                 :                                               │
  │                                                                                                                                        ┌────────────────────────────────┐  :                                               │
  │                                                                                                                                        │               _                │  :                                               │
  │                                                                                                                                        └────────────────────────────────┘  :                                               │
  │                                                                                                                                          │                                 :                                               │
  │                                                                                                                                          │ Assign 'i = 1'                  :                                               │
  │                                                                                                                                          ▼                                 :                                               │
  │  ┌────────────────────────────────┐  InlineEntry '(i < 2000)'                     ┌───┐  Test (i < 1000,true)                          ┌────────────────────────────────┐  :                       Assign 'i = i + 2'      │
  │  │               _                │ ◀──────────────────────────────────────────── │ _ │ ◀───────────────────────────────────────────── │               _                │ ◀┼───────────────────────────────────────────────┘
  │  └────────────────────────────────┘                                               └───┘                                                └────────────────────────────────┘  :
  │    │                                                                                :                                                    │                                 :
  │    │ Entry __VERIFIER_assert                                                        :                                                    │ Test (i < 1000,false)           :
  │    ▼                                                                                :                                                    ▼                                 :
  │  ┌────────────────────────────────┐                                                 :                                                  ┌────────────────────────────────┐  :
  │  │               _                │                                                 :    ┌············································ │               _                │  :
  │  └────────────────────────────────┘                                                 :    :                                             └────────────────────────────────┘  :
  │    │                                                                                :    :                                               │                                 :
  │    │ Test (! cond,false)                                                            :    :                                               │ InlineEntry '(i == 1001)'       :
  │    ▼                                                                                :    :                                               ▼                                 :
  │  ┌────────────────────────────────┐                                                 :    :                                             ┌────────────────────────────────┐  :
  │  │               _                │                                                 :    :                                             │               _                │  :
  │  └────────────────────────────────┘                                                 :    :                                             └────────────────────────────────┘  :
  │    │                                                                                :    :                                               │                                 :
  │    │ Ret (None, __VERIFIER_assert)                                                  :    :                                               │ Entry __VERIFIER_assert         :
  │    ▼                                                                                :    :                                               ▼                                 :
  │  ┌────────────────────────────────┐                                                 :    :                                             ┌────────────────────────────────┐  :                                              Test (! cond,true)    ┌─────────────────────────┐
  │  │               _                │                                                 :    :                                             │               _                │ ─┼──────────────────────────────────────────────────────────────────▶ │            _            │
  │  └────────────────────────────────┘                                                 :    :                                             └────────────────────────────────┘  :                                                                    └─────────────────────────┘
  │    │                                                                                :    :                                               │                                 :                                                                      │
  │    │ InlineReturn                                                                   :    : Inlined Proc '__VERIFIER_assert(i == 1001)'   │ Test (! cond,false)             :                                                                      │ InlineEntry '()'
  │    ▼                                                                                :    :                                               ▼                                 :                                                                      ▼
  │  ┌────────────────────────────────┐  Inlined Proc '__VERIFIER_assert(i < 2000)'     :    :                                             ┌────────────────────────────────┐  :                                                                    ┌─────────────────────────┐
  └─ │               _                │ ◀···············································┘    :                                             │               _                │  :                                                                    │            _            │
     └────────────────────────────────┘                                                      :                                             └────────────────────────────────┘  :                                                                    └─────────────────────────┘
                                                                                             :                                               │                                 :                                                                      │
                                                                                             :                                               │ Ret (None, __VERIFIER_assert)   :                                                                      │ Entry __VERIFIER_error
                                                                                             :                                               ▼                                 :                                                                      ▼
                                                                                             :                                             ┌────────────────────────────────┐  :                                                                    ┌─────────────────────────┐
                                                                                             :                                             │               _                │  :                                                                    │            _            │
                                                                                             :                                             └────────────────────────────────┘  :                                                                    └─────────────────────────┘
                                                                                             :                                               │                                 :
                                                                                             :                                               │ InlineReturn                    : Inlined Proc 'fun()'
                                                                                             :                                               ▼                                 :
                                                                                             :                                             ┌────────────────────────────────┐  :
                                                                                             └···········································▶ │               _                │  :
                                                                                                                                           └────────────────────────────────┘  :
                                                                                                                                             │                                 :
                                                                                                                                             │ Ret (None, fun)                 :
                                                                                                                                             ▼                                 :
                                                                                                                                           ┌────────────────────────────────┐  :
                                                                                                                                           │               _                │  :
                                                                                                                                           └────────────────────────────────┘  :
                                                                                                                                             │                                 :
                                                                                                                                             │ InlineReturn                    :
                                                                                                                                             ▼                                 :
                                                                                                                                           ┌────────────────────────────────┐  :
                                                                                                                                           │               _                │ ◀┘
                                                                                                                                           └────────────────────────────────┘
                                                                                                                                             │
                                                                                                                                             │ Ret (Some 0, main)
                                                                                                                                             ▼
                                                                                                                                           ┌────────────────────────────────┐
                                                                                                                                           │               _                │
                                                                                                                                           └────────────────────────────────┘
