┌────────────────────────────────┐
│               _                │
└────────────────────────────────┘
  │
  │ Entry main
  ▼
┌────────────────────────────────┐
│               _                │ ·┐
└────────────────────────────────┘  :
  │                                 :
  │ InlineEntry '(g == 1)'          :
  ▼                                 :
┌────────────────────────────────┐  :
│               _                │  :
└────────────────────────────────┘  :
  │                                 :
  │ Entry __VERIFIER_assert         :
  ▼                                 :
┌────────────────────────────────┐  :
│               _                │  :
└────────────────────────────────┘  :
  │                                 :
  │ Test (! cond,false)             : Inlined Proc '__VERIFIER_assert(g == 1)'
  ▼                                 :
┌────────────────────────────────┐  :
│               _                │  :
└────────────────────────────────┘  :
  │                                 :
  │ Ret (None, __VERIFIER_assert)   :
  ▼                                 :
┌────────────────────────────────┐  :
│               _                │  :
└────────────────────────────────┘  :
  │                                 :
  │ InlineReturn                    :
  ▼                                 :
┌────────────────────────────────┐  :
│               _                │ ◀┘
└────────────────────────────────┘
  │
  │ Ret (Some 0, main)
  ▼
┌────────────────────────────────┐
│               _                │
└────────────────────────────────┘
