┌─────────────────────┐
│          _          │
└─────────────────────┘
  │
  │ Entry main
  ▼
┌─────────────────────┐
│          _          │ ◀┐
└─────────────────────┘  │
  │                      │
  │ Test (1,true)        │
  ▼                      │
┌─────────────────────┐  │
│          _          │  │
└─────────────────────┘  │
  │                      │
  │ Assign 'x = -1'      │ Test (x,false)
  ▼                      │
┌─────────────────────┐  │
│          _          │  │
└─────────────────────┘  │
  │                      │
  │ Assign 'x = x + 1'   │
  ▼                      │
┌─────────────────────┐  │
│          _          │ ─┘
└─────────────────────┘
