┌─────────────────────────┐
│            _            │
└─────────────────────────┘
  │
  │ Entry main
  ▼
┌─────────────────────────┐
│            _            │
└─────────────────────────┘
  │
  │ Test (1,true)
  ▼
┌─────────────────────────┐
│            _            │
└─────────────────────────┘
  │
  │ Assign 'x = 1'
  ▼
┌─────────────────────────┐
│            _            │
└─────────────────────────┘
  │
  │ Test (x,true)
  ▼
┌─────────────────────────┐
│            _            │
└─────────────────────────┘
  │
  │ InlineEntry '()'
  ▼
┌─────────────────────────┐
│            _            │
└─────────────────────────┘
  │
  │ Entry __VERIFIER_error
  ▼
┌─────────────────────────┐
│            _            │
└─────────────────────────┘
