┌─────────────────────────┐
│            _            │
└─────────────────────────┘
  │
  │ Entry main
  ▼
┌─────────────────────────┐
│            _            │ ◀┐
└─────────────────────────┘  │
  │                          │
  │ Test (1,true)            │ Test (x,false)
  ▼                          │
┌─────────────────────────┐  │
│            _            │ ─┘
└─────────────────────────┘
  │
  │ Test (x,true)
  ▼
┌─────────────────────────┐
│            _            │
└─────────────────────────┘
  │
  │ InlineEntry '()'
  ▼
┌─────────────────────────┐
│            _            │
└─────────────────────────┘
  │
  │ Entry __VERIFIER_error
  ▼
┌─────────────────────────┐
│            _            │
└─────────────────────────┘
