
  ┌······································································································································································································┐
  :                                                                                                                                                                                                      :
  :                                                                                                                                                                                                      :
  :                                 ┌───────────────────────────────────────────────────────────────────────────────────────────────────────────────────┐                                                :
  :                                 │                                                                                                                   │                                                :
  :                                 │                                                                       ┌────────────────────────────────────────┐  │                                                :
  :                                 │                                                                       │                   _                    │  │                                                :
  :                                 │                                                                       └────────────────────────────────────────┘  │                                                :
  :                                 │                                                                         │                                         │                                                :
  :                                 │                                                                         │ Entry main                              │ InlineReturn                                   : Inlined Proc '__VERIFIER_assert(x != 0)'
  :                                 │                                                                         ▼                                         ▼                                                ▼
  :                                 │                                                                       ┌──────────────────────────────────────────────────────────────────────────────────────────────────────────────────────────────────────┐
  :                                 │                            ┌········································▶ │                                                                  _                                                                   │ ◀┐
  :                                 │                            :                                          └──────────────────────────────────────────────────────────────────────────────────────────────────────────────────────────────────────┘  │
  :                                 │                            :                                            │                                                                                                                                       │
  :                                 │                            :                                            │ Test (1,true)                                                                                                                         │
  :                                 │                            :                                            ▼                                                                                                                                       │
  :                                 │                            :                                          ┌────────────────────────────────────────┐                                                                                                │
  :                                 │                            :                                          │                   _                    │ ·┐                                                                                             │
  :                                 │                            :                                          └────────────────────────────────────────┘  :                                                                                             │
  :                                 │                            :                                            │                                         :                                                                                             │
  :                                 │                            :                                            │ InlineEntry '()'                        :                                                                                             │
  :                                 │                            :                                            ▼                                         :                                                                                             │
  :                                 │                            :                                          ┌────────────────────────────────────────┐  :                                                                                             │
  :                                 │                            :                                          │                   _                    │  :                                                                                             │
  :                                 │                            :                                          └────────────────────────────────────────┘  :                                                                                             │
  :                                 │                            :                                            │                                         :                                                                                             │
  :                                 │                            :                                            │ Entry __VERIFIER_nondet_int             :                                                                                             │
  :                                 │                            :                                            ▼                                         :                                                                                             │
  :                                 │                            :                                          ┌────────────────────────────────────────┐  :                                                                                             │
  :                                 │                            : Inlined Proc '__VERIFIER_assert(x == 0)' │                   _                    │  : Inlined Proc 'tmp = __VERIFIER_nondet_int()'                                                │
  :                                 │                            :                                          └────────────────────────────────────────┘  :                                                                                             │
  :                                 │                            :                                            │                                         :                                                                                             │
  :                                 │                            :                                            │ Ret (Some val, __VERIFIER_nondet_int)   :                                                                                             │
  :                                 │                            :                                            ▼                                         :                                                                                             │
  :                                 │                            :                                          ┌────────────────────────────────────────┐  :                                                                                             │
  :                                 │                            :                                          │                   _                    │  :                                                                                             │
  :                                 │                            :                                          └────────────────────────────────────────┘  :                                                                                             │
  :                                 │                            :                                            │                                         :                                                                                             │
  :                                 │                            :                                            │ InlineReturn 'tmp'                      :                                                                                             │
  :                                 │                            :                                            ▼                                         :                                                                                             │
  :                                 │                            :                                          ┌────────────────────────────────────────┐  :                                                                                             │
  :                                 │                            :                                          │                   _                    │ ◀┘                                                                                             │
  :                                 │                            :                                          └────────────────────────────────────────┘                                                                                                │
  :                                 │                            :                                            │                                                                                                                                       │
  :                                 │                            :                                            │ Assign 'x = tmp'                                                                                                                      │ InlineReturn
  :                                 │                            :                                            ▼                                                                                                                                       │
┌────────────────────────────────┐  │   Test (x == 0,false)      :                                          ┌────────────────────────────────────────┐                                                                                                │
│               _                │ ◀┼────────────────────────────┼───────────────────────────────────────── │                   _                    │                                                                                                │
└────────────────────────────────┘  │                            :                                          └────────────────────────────────────────┘                                                                                                │
  │                                 │                            :                                            │                                                                                                                                       │
  │ InlineEntry '(x != 0)'          │                            :                                            │ Test (x == 0,true)                                                                                                                    │
  ▼                                 │                            :                                            ▼                                                                                                                                       │
┌────────────────────────────────┐  │                            :                                          ┌────────────────────────────────────────┐                                                                                                │
│               _                │  │                            └········································· │                   _                    │                                                                                                │
└────────────────────────────────┘  │                                                                       └────────────────────────────────────────┘                                                                                                │
  │                                 │                                                                         │                                                                                                                                       │
  │ Entry __VERIFIER_assert         │                                                                         │ InlineEntry '(x == 0)'                                                                                                                │
  ▼                                 │                                                                         ▼                                                                                                                                       │
┌────────────────────────────────┐  │                                                                       ┌────────────────────────────────────────┐                                                                                                │
│               _                │  │                                                                       │                   _                    │                                                                                                │
└────────────────────────────────┘  │                                                                       └────────────────────────────────────────┘                                                                                                │
  │                                 │                                                                         │                                                                                                                                       │
  │ Test (! cond,false)             │                                                                         │ Entry __VERIFIER_assert                                                                                                               │
  ▼                                 │                                                                         ▼                                                                                                                                       │
┌────────────────────────────────┐  │                                                                       ┌────────────────────────────────────────┐                                                                                                │
│               _                │  │                                                                       │                   _                    │                                                                                                │
└────────────────────────────────┘  │                                                                       └────────────────────────────────────────┘                                                                                                │
  │                                 │                                                                         │                                                                                                                                       │
  │ Ret (None, __VERIFIER_assert)   │                                                                         │ Test (! cond,false)                                                                                                                   │
  ▼                                 │                                                                         ▼                                                                                                                                       │
┌────────────────────────────────┐  │                                                                       ┌────────────────────────────────────────┐                                                                                                │
│               _                │ ─┘                                                                       │                   _                    │                                                                                                │
└────────────────────────────────┘                                                                          └────────────────────────────────────────┘                                                                                                │
                                                                                                              │                                                                                                                                       │
                                                                                                              │ Ret (None, __VERIFIER_assert)                                                                                                         │
                                                                                                              ▼                                                                                                                                       │
                                                                                                            ┌────────────────────────────────────────┐                                                                                                │
                                                                                                            │                   _                    │ ───────────────────────────────────────────────────────────────────────────────────────────────┘
                                                                                                            └────────────────────────────────────────┘
