
                                                                                                ┌·······················································································┐
                                                                                                :                                                                                       :
                                                                                                :                                                                                       :
  ┌─────────────────────────────────────────────────────────────────────────────────────────────┼───────────────────────────────────────────────────────────────────────────────────────┼──────────────────────────────────────────────────────────────────────────────────────────────────┐
  │                                                                                             :                                                                                       :                                                                                                  │
  │                                                                                             :                                           ┌────────────────────────────────────────┐  :                                                                                                  │
  │                                                                                             :                                           │                   _                    │  :                                                                                                  │
  │                                                                                             :                                           └────────────────────────────────────────┘  :                                                                                                  │
  │                                                                                             :                                             │                                         :                                                                                                  │
  │                               ┌·····························································┘                                             │ Entry main                              : Inlined Proc '__VERIFIER_assert(x == 0)'                                                         │
  │                               :                                                                                                           ▼                                         ▼                                                                                                  │
  │                               :                                                            InlineReturn                                 ┌──────────────────────────────────────────────────────────────────────────────────────────────┐  Inlined Proc '__VERIFIER_assert(x == 2)'   ┌─────────────────────┐
  │                          ┌────┼───────────────────────────────────────────────────────────────────────────────────────────────────────▶ │                                                                                              │ ◀·········································· │          _          │
  │                          │    :                                                                                                         │                                                                                              │                                             └─────────────────────┘
  │                          │    :                                                            InlineReturn                                 │                                                                                              │                                               ▲
  │                          │    :                                 ┌─────────────────────────────────────────────────────────────────────▶ │                                              _                                               │                                               │ Test (x == 2,true)
  │                          │    :                                 │                                                                       │                                                                                              │                                               │
  │                          │    :                                 │                                                                       │                                                                                              │                                               │
  │                          │    :                                 │                           ┌·········································▶ │                                                                                              │ ◀┐                                            │
  │                          │    :                                 │                           :                                           └──────────────────────────────────────────────────────────────────────────────────────────────┘  │                                            │
  │                          │    :                                 │                           :                                             │                                                                                               │                                            │
  │                          │    :                                 │                           :                                             │ Test (1,true)                                                                                 │ InlineReturn                               │
  │                          │    :                                 │                           :                                             ▼                                                                                               │                                            │
  │                          │    :                                 │                           :                                           ┌────────────────────────────────────────┐                                                        │                                            │
  │                          │    :                                 │                           :                                           │                   _                    │ ·┐                                                ┌────┼────────────────────────────────────────────┘
  │                          │    :                                 │                           :                                           └────────────────────────────────────────┘  :                                                │    │
  │                          │    :                                 │                           :                                             │                                         :                                                │    │
  │                          │    :                                 │                           :                                             │ InlineEntry '()'                        :                                                │    │
  │                          │    :                                 │                           :                                             ▼                                         :                                                │    │
  │                          │    :                                 │                           :                                           ┌────────────────────────────────────────┐  :                                                │    │
  │                          │    :                                 │                           :                                           │                   _                    │  :                                                │    │
  │                          │    :                                 │                           :                                           └────────────────────────────────────────┘  :                                                │    │
  │ InlineEntry '(x == 2)'   │    :                                 │                           :                                             │                                         :                                                │    │
  │                          │    :                                 │                           :                                             │ Entry __VERIFIER_nondet_int             :                                                │    │
  │                          │    :                                 │                           :                                             ▼                                         :                                                │    │
  │                          │    :                                 │                           :                                           ┌────────────────────────────────────────┐  :                                                │    │
  │                          │    :                                 │                           : Inlined Proc '__VERIFIER_assert(tmp___0)' │                   _                    │  : Inlined Proc 'tmp = __VERIFIER_nondet_int()'   │    │
  │                          │    :                                 │                           :                                           └────────────────────────────────────────┘  :                                                │    │
  │                          │    :                                 │                           :                                             │                                         :                                                │    │
  │                          │    :                                 │                           :                                             │ Ret (Some val, __VERIFIER_nondet_int)   :                                                │    │
  │                          │    :                                 │                           :                                             ▼                                         :                                                │    │
  │                          │    :                                 │                           :                                           ┌────────────────────────────────────────┐  :                                                │    │
  │                          │    :                                 │                           :                                           │                   _                    │  :                                                │    │
  │                          │    :                                 │                           :                                           └────────────────────────────────────────┘  :                                                │    │
  │                          │    :                                 │                           :                                             │                                         :                                                │    │
  │                          │    :                                 │                           :                                             │ InlineReturn 'tmp'                      :                                                │    │
  │                          │    :                                 │                           :                                             ▼                                         :                                                │    │
  │                          │    :                                 │                           :                                           ┌────────────────────────────────────────┐  :                                                │    │
  │                          │    :                                 │                           :                                           │                   _                    │ ◀┘                                                │    │
  │                          │    :                                 │                           :                                           └────────────────────────────────────────┘                                                   │    │
  │                          │    :                                 │                           :                                             │                                                                                          │    │
  │                          │    :                                 │                           :                                             │ Assign 'x = tmp'                                                                         │    │
  │                          │    :                                 │                           :                                             ▼                                                                                          │    │
  │                          │  ┌────────────────────────────────┐  │   Test (x == 0,true)      :                                           ┌────────────────────────────────────────┐                                                   │    │
  │                          │  │               _                │ ◀┼───────────────────────────┼────────────────────────────────────────── │                   _                    │                                                   │    │
  │                          │  └────────────────────────────────┘  │                           :                                           └────────────────────────────────────────┘                                                   │    │
  │                          │    │                                 │                           :                                             │                                                                                          │    │
  │                          │    │ InlineEntry '(x == 0)'          │                           :                                             │ Test (x == 0,false)                                                                      │    │
  │                          │    ▼                                 │                           :                                             ▼                                                                                          │    │
  │                          │  ┌────────────────────────────────┐  │                           :                                           ┌────────────────────────────────────────┐                                                   │    │
  └──────────────────────────┼▶ │               _                │  │                           :                                           │                   _                    │ ──────────────────────────────────────────────────┘    │
                             │  └────────────────────────────────┘  │                           :                                           └────────────────────────────────────────┘                                                        │
                             │    │                                 │                           :                                             │                                                                                               │
                             │    │ Entry __VERIFIER_assert         │                           :                                             │ Test (x == 2,false)                                                                           │
                             │    ▼                                 │                           :                                             ▼                                                                                               │
                             │  ┌────────────────────────────────┐  │                           :                                           ┌────────────────────────────────────────┐                                                        │
                             │  │               _                │  │                           :                                           │                   _                    │                                                        │
                             │  └────────────────────────────────┘  │                           :                                           └────────────────────────────────────────┘                                                        │
                             │    │                                 │                           :                                             │                                                                                               │
                             │    │ Test (! cond,false)             │                           :                                             │ Assign 'tmp___0 = x != 0 && x != 2'                                                           │
                             │    ▼                                 │                           :                                             ▼                                                                                               │
                             │  ┌────────────────────────────────┐  │                           :                                           ┌────────────────────────────────────────┐                                                        │
                             │  │               _                │  │                           └·········································· │                   _                    │                                                        │
                             │  └────────────────────────────────┘  │                                                                       └────────────────────────────────────────┘                                                        │
                             │    │                                 │                                                                         │                                                                                               │
                             │    │ Ret (None, __VERIFIER_assert)   │                                                                         │ InlineEntry '(tmp___0)'                                                                       │
                             │    ▼                                 │                                                                         ▼                                                                                               │
                             │  ┌────────────────────────────────┐  │                                                                       ┌────────────────────────────────────────┐                                                        │
                             └─ │               _                │ ─┘                                                                       │                   _                    │                                                        │
                                └────────────────────────────────┘                                                                          └────────────────────────────────────────┘                                                        │
                                                                                                                                              │                                                                                               │
                                                                                                                                              │ Entry __VERIFIER_assert                                                                       │
                                                                                                                                              ▼                                                                                               │
                                                                                                                                            ┌────────────────────────────────────────┐                                                        │
                                                                                                                                            │                   _                    │                                                        │
                                                                                                                                            └────────────────────────────────────────┘                                                        │
                                                                                                                                              │                                                                                               │
                                                                                                                                              │ Test (! cond,false)                                                                           │
                                                                                                                                              ▼                                                                                               │
                                                                                                                                            ┌────────────────────────────────────────┐                                                        │
                                                                                                                                            │                   _                    │                                                        │
                                                                                                                                            └────────────────────────────────────────┘                                                        │
                                                                                                                                              │                                                                                               │
                                                                                                                                              │ Ret (None, __VERIFIER_assert)                                                                 │
                                                                                                                                              ▼                                                                                               │
                                                                                                                                            ┌────────────────────────────────────────┐                                                        │
                                                                                                                                            │                   _                    │ ───────────────────────────────────────────────────────┘
                                                                                                                                            └────────────────────────────────────────┘
