
                                                                                                                      ┌··············································································································┐
                                                                                                                      :                                                                                                              :
                                                                                                                      :                                                                  ┌────────────────────────────────────────┐  :
                                                                                                                      :                                                                  │                   _                    │  :
                                                                                                                      :                                                                  └────────────────────────────────────────┘  :
                                                                                                                      :                                                                    │                                         :
  ┌···················································································································┼·······················┐                                            │ Entry main                              : Inlined Proc '__VERIFIER_assert(x != 1)'
  :                                                                                                                   :                       :                                            ▼                                         ▼
  :                                                    ┌────────────────────────────────┐  InlineEntry '(x != 1)'   ┌──────────────────────┐  :                                          ┌─────────────────────────────────────────────────────────────────────────────────────────┐
  :                                                    │               _                │ ◀──────────────────────── │          _           │  └········································▶ │                                                                                         │
  :                                                    └────────────────────────────────┘                           └──────────────────────┘                                             │                                                                                         │
  :                                                      │                                                            ▲                      InlineReturn                                │                                                                                         │  InlineReturn
  :                                                      │ Entry __VERIFIER_assert         ┌──────────────────────────┼────────────────────────────────────────────────────────────────▶ │                                            _                                            │ ◀─────────────────┐
  :                                                      ▼                                 │                          │                                                                  │                                                                                         │                   │
  :  ┌─────────────────────────┐  Test (! cond,true)   ┌────────────────────────────────┐  │                          │                                                                  │                                                                                         │                   │
  :  │            _            │ ◀──────────────────── │               _                │  │                          │                       ┌········································▶ │                                                                                         │ ◀┐                │
  :  └─────────────────────────┘                       └────────────────────────────────┘  │                          │                       :                                          └─────────────────────────────────────────────────────────────────────────────────────────┘  │                │
  :    │                                                 │                                 │                          │                       :                                            │                                                                                          │                │
  :    │ InlineEntry '()'                                │ Test (! cond,false)             │                          │                       :                                            │ Test (1,true)                                                                            │                │
  :    ▼                                                 ▼                                 │                          │                       :                                            ▼                                                                                          │                │
  :  ┌─────────────────────────┐                       ┌────────────────────────────────┐  │                          │                       :                                          ┌────────────────────────────────────────┐                                                   │                │
  :  │            _            │                       │               _                │  │                          │                       :                                          │                   _                    │ ·┐                                                │                │
  :  └─────────────────────────┘                       └────────────────────────────────┘  │                          │                       :                                          └────────────────────────────────────────┘  :                                                │                │
  :    │                                                 │                                 │                          │                       :                                            │                                         :                                                │                │
  :    │ Entry __VERIFIER_error                          │ Ret (None, __VERIFIER_assert)   │                          │                       :                                            │ InlineEntry '()'                        :                                                │                │
  :    ▼                                                 ▼                                 │                          │                       :                                            ▼                                         :                                                │                │
  :  ┌─────────────────────────┐                       ┌────────────────────────────────┐  │                          │                       :                                          ┌────────────────────────────────────────┐  :                                                │                │
  :  │            _            │                       │               _                │ ─┘                          │                       :                                          │                   _                    │  :                                                │                │
  :  └─────────────────────────┘                       └────────────────────────────────┘                             │                       :                                          └────────────────────────────────────────┘  :                                                │                │
  :                                                                                                                   │                       :                                            │                                         :                                                │                │
  └······················································┐                                                            │                       :                                            │ Entry __VERIFIER_nondet_int             :                                                │                │
                                                         :                                                            │                       :                                            ▼                                         :                                                │                │
                                                         :                                                            │ Test (x == 2,false)   :                                          ┌────────────────────────────────────────┐  :                                                │                │
                                                         :                                                            │                       : Inlined Proc '__VERIFIER_assert(x == 2)' │                   _                    │  : Inlined Proc 'tmp = __VERIFIER_nondet_int()'   │                │
                                                         :                                                            │                       :                                          └────────────────────────────────────────┘  :                                                │                │
                                                         :                                                            │                       :                                            │                                         :                                                │                │
                                                         :                                                            │                       :                                            │ Ret (Some val, __VERIFIER_nondet_int)   :                                                │                │
                                                         :                                                            │                       :                                            ▼                                         :                                                │                │
                                                         :                                                            │                       :                                          ┌────────────────────────────────────────┐  :                                                │                │
                                                         :                                                            │                       :                                          │                   _                    │  :                                                │                │
                                                         :                                                            │                       :                                          └────────────────────────────────────────┘  :                                                │                │
                                                         :                                                            │                       :                                            │                                         :                                                │                │
                                                         :                                                            │                       :                                            │ InlineReturn 'tmp'                      :                                                │                │
                                                         :                                                            │                       :                                            ▼                                         :                                                │                │
                                                         :                                                            │                       :                                          ┌────────────────────────────────────────┐  :                                                │                │
                                                         :                                                            │                       :                                          │                   _                    │ ◀┘                                                │                │
                                                         :                                                            │                       :                                          └────────────────────────────────────────┘                                                   │                │
                                                         :                                                            │                       :                                            │                                                                                          │                │
                                                         :                                                            │                       :                                            │ Assign 'x = tmp'                                                                         │                │
                                                         :                                                            │                       :                                            ▼                                                                                          │                │
                                                       ┌────────────────────────────────┐  Test (x == 0,true)         │                       :                                          ┌────────────────────────────────────────┐                                                   │                │
                                                       │               _                │ ◀───────────────────────────┼───────────────────────┼───────────────────────────────────────── │                   _                    │                                                   │ InlineReturn   │
                                                       └────────────────────────────────┘                             │                       :                                          └────────────────────────────────────────┘                                                   │                │
                                                         │                                                            │                       :                                            │                                                                                          │                │
                                                         │                                                            │                       :                                            │ Test (x == 0,false)                                                                      │                │
                                                         │                                                            │                       :                                            ▼                                                                                          │                │
                                                         │                                                            │                       :                                          ┌────────────────────────────────────────┐                                                   │                │
                                                         │                                                            └───────────────────────┼───────────────────────────────────────── │                   _                    │                                                   │                │
                                                         │                                                                                    :                                          └────────────────────────────────────────┘                                                   │                │
                                                         │                                                                                    :                                            │                                                                                          │                │
                                                         │                                                                                    :                                            │ Test (x == 2,true)                                                                       │                │
                                                         │                                                                                    :                                            ▼                                                                                          │                │
                                                         │                                                                                    :                                          ┌────────────────────────────────────────┐                                                   │                │
                                                         │                                                                                    └········································· │                   _                    │                                                   │                │
                                                         │                                                                                                                               └────────────────────────────────────────┘                                                   │                │
                                                         │                                                                                                                                 │                                                                                          │                │
                                                         │                                                                                                                                 │ InlineEntry '(x == 2)'                                                                   │                │
                                                         │                                                                                                                                 ▼                                                                                          │                │
                                                         │                                InlineEntry '(x == 0)'                                                                         ┌────────────────────────────────────────┐                                                   │                │
                                                         └─────────────────────────────────────────────────────────────────────────────────────────────────────────────────────────────▶ │                   _                    │                                                   │                │
                                                                                                                                                                                         └────────────────────────────────────────┘                                                   │                │
                                                                                                                                                                                           │                                                                                          │                │
                                                                                                                                                                                           │ Entry __VERIFIER_assert                                                                  │                │
                                                                                                                                                                                           ▼                                                                                          │                │
                                                                                                                                                                                         ┌────────────────────────────────────────┐                                                   │                │
                                                                                                                                                                                         │                   _                    │                                                   │                │
                                                                                                                                                                                         └────────────────────────────────────────┘                                                   │                │
                                                                                                                                                                                           │                                                                                          │                │
                                                                                                                                                                                           │ Test (! cond,false)                                                                      │                │
                                                                                                                                                                                           ▼                                                                                          │                │
                                                                                                                                                                                         ┌────────────────────────────────────────┐                                                   │                │
                                                                                                                                                                                         │                   _                    │                                                   │                │
                                                                                                                                                                                         └────────────────────────────────────────┘                                                   │                │
                                                                                                                                                                                           │                                                                                          │                │
                                                                                                                                                                                           │ Ret (None, __VERIFIER_assert)                                                            │                │
                                                                                                                                                                                           ▼                                                                                          │                │
                                                                                                                                                                                         ┌────────────────────────────────────────┐                                                   │                │
                                                                                                                                                                                         │                   _                    │ ──────────────────────────────────────────────────┘                │
                                                                                                                                                                                         └────────────────────────────────────────┘                                                                    │
                                                                                                                                                                                           │                                                                                                           │
                                                                                                                                                                                           └───────────────────────────────────────────────────────────────────────────────────────────────────────────┘
