                                                                       ┌────────────────────────────────────────┐
                                                                       │                   _                    │
                                                                       └────────────────────────────────────────┘
                                                                         │
                                                                         │ Entry main
                                                                         ▼
                                                                       ┌────────────────────────────────────────┐
                                                                       │                   _                    │ ·┐
                                                                       └────────────────────────────────────────┘  :
                                                                         │                                         :
                                                                         │ InlineEntry '()'                        :
                                                                         ▼                                         :
                                                                       ┌────────────────────────────────────────┐  :
                                                                       │                   _                    │  :
                                                                       └────────────────────────────────────────┘  :
                                                                         │                                         :
                                                                         │ Entry __VERIFIER_nondet_int             :
                                                                         ▼                                         :
                                                                       ┌────────────────────────────────────────┐  :
                                                                       │                   _                    │  : Inlined Proc 'tmp = __VERIFIER_nondet_int()'
                                                                       └────────────────────────────────────────┘  :
                                                                         │                                         :
                                                                         │ Ret (Some val, __VERIFIER_nondet_int)   :
                                                                         ▼                                         :
                                                                       ┌────────────────────────────────────────┐  :
                                                                       │                   _                    │  :
                                                                       └────────────────────────────────────────┘  :
                                                                         │                                         :
                                                                         │ InlineReturn 'tmp'                      :
                                                                         ▼                                         :
                                                                       ┌────────────────────────────────────────┐  :
                                                                       │                   _                    │ ◀┘
                                                                       └────────────────────────────────────────┘
                                                                         │
                                                                         │ Assign 'x = tmp'
                                                                         ▼
     ┌────────────────────────────────┐  Test (x > 0 && x < 2,false)   ┌────────────────────────────────────────┐
  ┌· │               _                │ ◀───────────────────────────── │                   _                    │
  :  └────────────────────────────────┘                                └────────────────────────────────────────┘
  :    │                                                                 │
  :    │ InlineEntry '(1)'                                               │ Test (x > 0 && x < 2,true)
  :    ▼                                                                 ▼
  :  ┌────────────────────────────────┐                                ┌────────────────────────────────────────┐
  :  │               _                │                                │                   _                    │ ·┐
  :  └────────────────────────────────┘                                └────────────────────────────────────────┘  :
  :    │                                                                 │                                         :
  :    │ Entry __VERIFIER_assert                                         │ InlineEntry '(x == 1)'                  :
  :    ▼                                                                 ▼                                         :
  :  ┌────────────────────────────────┐                                ┌────────────────────────────────────────┐  :
  :  │               _                │                                │                   _                    │  :
  :  └────────────────────────────────┘                                └────────────────────────────────────────┘  :
  :    │                                                                 │                                         :
  :    │ Test (! cond,false)                                             │ Entry __VERIFIER_assert                 :
  :    ▼                                                                 ▼                                         :
  :  ┌────────────────────────────────┐                                ┌────────────────────────────────────────┐  :
  :  │               _                │                                │                   _                    │  :
  :  └────────────────────────────────┘                                └────────────────────────────────────────┘  :
  :    │                                                                 │                                         :
  :    │ Ret (None, __VERIFIER_assert)                                   │ Test (! cond,false)                     :
  :    ▼                                                                 ▼                                         :
  :  ┌────────────────────────────────┐                                ┌────────────────────────────────────────┐  :
  :  │               _                │                                │                   _                    │  :
  :  └────────────────────────────────┘                                └────────────────────────────────────────┘  :
  :    │                                                                 │                                         :
  :    │                                                                 │ Ret (None, __VERIFIER_assert)           :
  :    │                                                                 ▼                                         :
  :    │                                                               ┌────────────────────────────────────────┐  :
  :    │                                                               │                   _                    │  :
  :    │                                                               └────────────────────────────────────────┘  :
  :    │                                                                 │                                         :
  :    │                                                                 │ InlineReturn                            : Inlined Proc '__VERIFIER_assert(x == 1)'
  :    │                                                                 ▼                                         ▼
  :    │                                InlineReturn                   ┌─────────────────────────────────────────────────────────────────────────────────────────┐
  :    └─────────────────────────────────────────────────────────────▶ │                                            _                                            │
  :                                                                    └─────────────────────────────────────────────────────────────────────────────────────────┘
  :                                                                      │                                         ▲
  :                                                                      │ Ret (Some 0, main)                      : Inlined Proc '__VERIFIER_assert(1)'
  :                                                                      ▼                                         :
  :                                                                    ┌────────────────────────────────────────┐  :
  :                                                                    │                   _                    │  :
  :                                                                    └────────────────────────────────────────┘  :
  :                                                                                                                :
  └················································································································┘
