
  ┌────────────────────────────────────────────────────────────────────────────────────────────────────────────────────────────────────────────────────────────────────┐
  │                                                                                                                                                                    │
  │                                                                       ┌────────────────────────────────────────┐                                                   │
  │                                                                       │                   _                    │                                                   │
  │                                                                       └────────────────────────────────────────┘                                                   │
  │                                                                         │                                                                                          │
  │                                                                         │ Entry main                                                                               │
  │                                                                         ▼                                                                                          │
  │                                                                       ┌────────────────────────────────────────┐                                                   │
  │                                                                       │                   _                    │ ·┐                                                │
  │                                                                       └────────────────────────────────────────┘  :                                                │
  │                                                                         │                                         :                                                │
  │                                                                         │ InlineEntry '()'                        :                                                │
  │                                                                         ▼                                         :                                                │
  │                                                                       ┌────────────────────────────────────────┐  :                                                │
  │                                                                       │                   _                    │  :                                                │
  │                                                                       └────────────────────────────────────────┘  :                                                │
  │                                                                         │                                         :                                                │
  │                                                                         │ Entry __VERIFIER_nondet_int             :                                                │
  │                                                                         ▼                                         :                                                │
  │                                                                       ┌────────────────────────────────────────┐  :                                                │
  │                                                                       │                   _                    │  : Inlined Proc 'tmp = __VERIFIER_nondet_int()'   │
  │                                                                       └────────────────────────────────────────┘  :                                                │
  │                                                                         │                                         :                                                │
  │                                                                         │ Ret (Some val, __VERIFIER_nondet_int)   :                                                │
  │                                                                         ▼                                         :                                                │
  │                                                                       ┌────────────────────────────────────────┐  :                                                │
  │                                                                       │                   _                    │  :                                                │
  │                                                                       └────────────────────────────────────────┘  :                                                │
  │                                                                         │                                         :                                                │
  │                                                                         │ InlineReturn 'tmp'                      :                                                │
  │                                                                         ▼                                         :                                                │
  │                                                                       ┌────────────────────────────────────────┐  :                                                │
  │                                                                       │                   _                    │ ◀┘                                                │
  │                                                                       └────────────────────────────────────────┘                                                   │
  │                                                                         │                                                                                          │
  │ Test (x > 0 && x < 2,false)                                             │ Assign 'x = tmp'                                                                         │
  ▼                                                                         ▼                                                                                          │
┌────────────────────────────────┐                                        ┌────────────────────────────────────────┐                                                   │
│               _                │ ·┐                                     │                   _                    │ ──────────────────────────────────────────────────┘
└────────────────────────────────┘  :                                     └────────────────────────────────────────┘
  │                                 :                                       │
  │ InlineEntry '(1)'               :                                       │ Test (x > 0 && x < 2,true)
  ▼                                 :                                       ▼
┌────────────────────────────────┐  :                                     ┌────────────────────────────────────────┐
│               _                │  :                                     │                   _                    │ ·┐
└────────────────────────────────┘  :                                     └────────────────────────────────────────┘  :
  │                                 :                                       │                                         :
  │ Entry __VERIFIER_assert         :                                       │ InlineEntry '(x == 1)'                  :
  ▼                                 :                                       ▼                                         :
┌────────────────────────────────┐  :                                     ┌────────────────────────────────────────┐  :
│               _                │  :                                     │                   _                    │  :
└────────────────────────────────┘  :                                     └────────────────────────────────────────┘  :
  │                                 :                                       │                                         :
  │ Test (! cond,false)             : Inlined Proc '__VERIFIER_assert(1)'   │ Entry __VERIFIER_assert                 :
  ▼                                 :                                       ▼                                         :
┌────────────────────────────────┐  :                                     ┌────────────────────────────────────────┐  :
│               _                │  :                                     │                   _                    │  :
└────────────────────────────────┘  :                                     └────────────────────────────────────────┘  :
  │                                 :                                       │                                         :
  │ Ret (None, __VERIFIER_assert)   :                                       │ Test (! cond,false)                     : Inlined Proc '__VERIFIER_assert(x == 1)'
  ▼                                 :                                       ▼                                         :
┌────────────────────────────────┐  :                                     ┌────────────────────────────────────────┐  :
│               _                │  :                                     │                   _                    │  :
└────────────────────────────────┘  :                                     └────────────────────────────────────────┘  :
  │                                 :                                       │                                         :
  │ InlineReturn                    :                                       │ Ret (None, __VERIFIER_assert)           :
  ▼                                 :                                       ▼                                         :
┌────────────────────────────────┐  :                                     ┌────────────────────────────────────────┐  :
│               _                │ ◀┘                                     │                   _                    │  :
└────────────────────────────────┘                                        └────────────────────────────────────────┘  :
  │                                                                         │                                         :
  │                                                                         │ InlineReturn                            :
  │                                                                         ▼                                         :
  │                                                                       ┌────────────────────────────────────────┐  :
  │                                                                       │                   _                    │ ◀┘
  │                                                                       └────────────────────────────────────────┘
  │                                                                         │
  │                                                                         │ Ret (Some 0, main)
  │                                                                         ▼
  │                                Ret (Some 1, main)                     ┌────────────────────────────────────────┐
  └─────────────────────────────────────────────────────────────────────▶ │                   _                    │
                                                                          └────────────────────────────────────────┘
