                                          ┌────────────────────────────────────────┐
                                          │                   _                    │
                                          └────────────────────────────────────────┘
                                            │
                                            │ Entry main
                                            ▼
                                          ┌────────────────────────────────────────┐
                                          │                   _                    │ ·┐
                                          └────────────────────────────────────────┘  :
                                            │                                         :
                                            │ InlineEntry '()'                        :
                                            ▼                                         :
                                          ┌────────────────────────────────────────┐  :
                                          │                   _                    │  :
                                          └────────────────────────────────────────┘  :
                                            │                                         :
                                            │ Entry __VERIFIER_nondet_int             :
                                            ▼                                         :
                                          ┌────────────────────────────────────────┐  :
                                          │                   _                    │  : Inlined Proc 'tmp = __VERIFIER_nondet_int()'
                                          └────────────────────────────────────────┘  :
                                            │                                         :
                                            │ Ret (Some val, __VERIFIER_nondet_int)   :
                                            ▼                                         :
                                          ┌────────────────────────────────────────┐  :
                                          │                   _                    │  :
                                          └────────────────────────────────────────┘  :
                                            │                                         :
                                            │ InlineReturn 'tmp'                      :
                                            ▼                                         :
                                          ┌────────────────────────────────────────┐  :
                                          │                   _                    │ ◀┘
                                          └────────────────────────────────────────┘
                                            │
                                            │ Assign 'x = tmp'
                                            ▼
                                          ┌────────────────────────────────────────┐
                                          │                   _                    │
                                          └────────────────────────────────────────┘
                                            │
                                            │ Assign 'tmp___0 = x > 0 && x < 2'
                                            ▼
                                          ┌────────────────────────────────────────┐
                                          │                   _                    │
                                          └────────────────────────────────────────┘
                                            │
                                            │ Assign 'y = tmp___0'
                                            ▼
┌─────────────────────┐  Test (y,false)   ┌────────────────────────────────────────┐
│          _          │ ◀──────────────── │                   _                    │
└─────────────────────┘                   └────────────────────────────────────────┘
  │                                         │
  │ Ret (Some 0, main)                      │ Test (y,true)
  ▼                                         ▼
┌─────────────────────┐                   ┌────────────────────────────────────────┐
│          _          │                   │                   _                    │
└─────────────────────┘                   └────────────────────────────────────────┘
                                            │
                                            │ InlineEntry '()'
                                            ▼
                                          ┌────────────────────────────────────────┐
                                          │                   _                    │
                                          └────────────────────────────────────────┘
                                            │
                                            │ Entry __VERIFIER_error
                                            ▼
                                          ┌────────────────────────────────────────┐
                                          │                   _                    │
                                          └────────────────────────────────────────┘
