                                             ┌──────────────────────────────────────────┐
                                             │                    _                     │
                                             └──────────────────────────────────────────┘
                                               │
                                               │ Entry main
                                               ▼
                                             ┌──────────────────────────────────────────┐
                                             │                    _                     │ ·┐
                                             └──────────────────────────────────────────┘  :
                                               │                                           :
                                               │ InlineEntry '()'                          :
                                               ▼                                           :
                                             ┌──────────────────────────────────────────┐  :
                                             │                    _                     │  :
                                             └──────────────────────────────────────────┘  :
                                               │                                           :
                                               │ Entry __VERIFIER_nondet_int               :
                                               ▼                                           :
                                             ┌──────────────────────────────────────────┐  :
                                             │                    _                     │  : Inlined Proc 'tmp = __VERIFIER_nondet_int()'
                                             └──────────────────────────────────────────┘  :
                                               │                                           :
                                               │ Ret (Some val, __VERIFIER_nondet_int)     :
                                               ▼                                           :
                                             ┌──────────────────────────────────────────┐  :
                                             │                    _                     │  :
                                             └──────────────────────────────────────────┘  :
                                               │                                           :
                                               │ InlineReturn 'tmp'                        :
                                               ▼                                           :
                                             ┌──────────────────────────────────────────┐  :
                                             │                    _                     │ ◀┘
                                             └──────────────────────────────────────────┘
                                               │
                                               │ Assign 'x = tmp'
                                               ▼
                                             ┌──────────────────────────────────────────┐
                                             │                    _                     │ ─┐
                                             └──────────────────────────────────────────┘  │
                                               │                                           │
                                               │ Test (x < 1 || (x > 2 || x != 1),false)   │
                                               ▼                                           │
                                             ┌──────────────────────────────────────────┐  │
  ┌········································· │                    _                     │  │
  :                                          └──────────────────────────────────────────┘  │
  :                                            │                                           │
  :                                            │ InlineEntry '(x == 1)'                    │
  :                                            ▼                                           │
  :                                          ┌──────────────────────────────────────────┐  │
  :                                          │                    _                     │  │
  :                                          └──────────────────────────────────────────┘  │
  :                                            │                                           │
  :                                            │ Entry __VERIFIER_assert                   │
  :                                            ▼                                           │
  :                                          ┌──────────────────────────────────────────┐  │
  :                                          │                    _                     │  │ Test (x < 1 || (x > 2 || x != 1),true)
  :                                          └──────────────────────────────────────────┘  │
  :                                            │                                           │
  : Inlined Proc '__VERIFIER_assert(x == 1)'   │ Test (! cond,false)                       │
  :                                            ▼                                           │
  :                                          ┌──────────────────────────────────────────┐  │
  :                                          │                    _                     │  │
  :                                          └──────────────────────────────────────────┘  │
  :                                            │                                           │
  :                                            │ Ret (None, __VERIFIER_assert)             │
  :                                            ▼                                           │
  :                                          ┌──────────────────────────────────────────┐  │
  :                                          │                    _                     │  │
  :                                          └──────────────────────────────────────────┘  │
  :                                            │                                           │
  :                                            │ InlineReturn                              │
  :                                            ▼                                           │
  :                                          ┌──────────────────────────────────────────┐  │
  └········································▶ │                    _                     │ ◀┘
                                             └──────────────────────────────────────────┘
                                               │
                                               │ Ret (Some 0, main)
                                               ▼
                                             ┌──────────────────────────────────────────┐
                                             │                    _                     │
                                             └──────────────────────────────────────────┘
